2026-03-02T06:54:59.740629+00:00 ip-172-31-36-148 systemd[1]: Mounted dev-hugepages.mount - Huge Pages File System.
2026-03-02T06:54:59.749941+00:00 ip-172-31-36-148 systemd[1]: Mounted dev-mqueue.mount - POSIX Message Queue File System.
2026-03-02T06:54:59.749960+00:00 ip-172-31-36-148 systemd[1]: Mounted sys-kernel-debug.mount - Kernel Debug File System.
2026-03-02T06:54:59.749965+00:00 ip-172-31-36-148 systemd[1]: Mounted sys-kernel-tracing.mount - Kernel Trace File System.
2026-03-02T06:54:59.749969+00:00 ip-172-31-36-148 systemd[1]: Finished keyboard-setup.service - Set the console keyboard layout.
2026-03-02T06:54:59.749974+00:00 ip-172-31-36-148 systemd[1]: Finished kmod-static-nodes.service - Create List of Static Device Nodes.
2026-03-02T06:54:59.749979+00:00 ip-172-31-36-148 systemd[1]: modprobe@configfs.service: Deactivated successfully.
2026-03-02T06:54:59.749984+00:00 ip-172-31-36-148 systemd[1]: Finished modprobe@configfs.service - Load Kernel Module configfs.
2026-03-02T06:54:59.749991+00:00 ip-172-31-36-148 systemd[1]: modprobe@dm_mod.service: Deactivated successfully.
2026-03-02T06:54:59.749996+00:00 ip-172-31-36-148 systemd[1]: Finished modprobe@dm_mod.service - Load Kernel Module dm_mod.
2026-03-02T06:54:59.750000+00:00 ip-172-31-36-148 systemd[1]: modprobe@drm.service: Deactivated successfully.
2026-03-02T06:54:59.750005+00:00 ip-172-31-36-148 systemd[1]: Finished modprobe@drm.service - Load Kernel Module drm.
2026-03-02T06:54:59.750009+00:00 ip-172-31-36-148 systemd[1]: modprobe@efi_pstore.service: Deactivated successfully.
2026-03-02T06:54:59.750014+00:00 ip-172-31-36-148 systemd[1]: Finished modprobe@efi_pstore.service - Load Kernel Module efi_pstore.
2026-03-02T06:54:59.750021+00:00 ip-172-31-36-148 systemd[1]: modprobe@fuse.service: Deactivated successfully.
2026-03-02T06:54:59.750027+00:00 ip-172-31-36-148 systemd[1]: Finished modprobe@fuse.service - Load Kernel Module fuse.
2026-03-02T06:54:59.750032+00:00 ip-172-31-36-148 systemd[1]: modprobe@loop.service: Deactivated successfully.
2026-03-02T06:54:59.750036+00:00 ip-172-31-36-148 systemd[1]: Finished modprobe@loop.service - Load Kernel Module loop.
2026-03-02T06:54:59.750041+00:00 ip-172-31-36-148 systemd-modules-load[145]: Inserted module 'msr'
2026-03-02T06:54:59.750046+00:00 ip-172-31-36-148 systemd-fsck[148]: cloudimg-rootfs: clean, 82009/917504 files, 527358/1834747 blocks
2026-03-02T06:54:59.750067+00:00 ip-172-31-36-148 systemd[1]: Finished lvm2-monitor.service - Monitoring of LVM2 mirrors, snapshots etc. using dmeventd or progress polling.
2026-03-02T06:54:59.750072+00:00 ip-172-31-36-148 systemd-modules-load[145]: Inserted module 'dm_multipath'
2026-03-02T06:54:59.750076+00:00 ip-172-31-36-148 systemd[1]: Mounting sys-fs-fuse-connections.mount - FUSE Control File System...
2026-03-02T06:54:59.750081+00:00 ip-172-31-36-148 systemd[1]: Mounting sys-kernel-config.mount - Kernel Configuration File System...
2026-03-02T06:54:59.750086+00:00 ip-172-31-36-148 systemd[1]: Started systemd-fsckd.service - File System Check Daemon to report status.
2026-03-02T06:54:59.750090+00:00 ip-172-31-36-148 systemd[1]: systemd-repart.service - Repartition Root Disk was skipped because no trigger condition checks were met.
2026-03-02T06:54:59.750097+00:00 ip-172-31-36-148 systemd[1]: Starting systemd-tmpfiles-setup-dev-early.service - Create Static Device Nodes in /dev gracefully...
2026-03-02T06:54:59.750102+00:00 ip-172-31-36-148 systemd[1]: Finished systemd-fsck-root.service - File System Check on Root Device.
2026-03-02T06:54:59.750107+00:00 ip-172-31-36-148 systemd[1]: Mounted sys-fs-fuse-connections.mount - FUSE Control File System.
2026-03-02T06:54:59.750112+00:00 ip-172-31-36-148 systemd-modules-load[145]: Inserted module 'nf_conntrack'
2026-03-02T06:54:59.750116+00:00 ip-172-31-36-148 systemd[1]: Starting systemd-remount-fs.service - Remount Root and Kernel File Systems...
2026-03-02T06:54:59.750121+00:00 ip-172-31-36-148 systemd[1]: Finished systemd-modules-load.service - Load Kernel Modules.
2026-03-02T06:54:59.750128+00:00 ip-172-31-36-148 systemd[1]: Mounted sys-kernel-config.mount - Kernel Configuration File System.
2026-03-02T06:54:59.750133+00:00 ip-172-31-36-148 systemd[1]: Starting systemd-sysctl.service - Apply Kernel Variables...
2026-03-02T06:54:59.750137+00:00 ip-172-31-36-148 systemd[1]: Finished systemd-tmpfiles-setup-dev-early.service - Create Static Device Nodes in /dev gracefully.
2026-03-02T06:54:59.750142+00:00 ip-172-31-36-148 systemd[1]: Finished systemd-sysctl.service - Apply Kernel Variables.
2026-03-02T06:54:59.750146+00:00 ip-172-31-36-148 systemd[1]: Finished systemd-udev-trigger.service - Coldplug All udev Devices.
2026-03-02T06:54:59.750150+00:00 ip-172-31-36-148 systemd[1]: Finished systemd-remount-fs.service - Remount Root and Kernel File Systems.
2026-03-02T06:54:59.750158+00:00 ip-172-31-36-148 systemd[1]: Starting multipathd.service - Device-Mapper Multipath Device Controller...
2026-03-02T06:54:59.750163+00:00 ip-172-31-36-148 systemd[1]: systemd-hwdb-update.service - Rebuild Hardware Database was skipped because no trigger condition checks were met.
2026-03-02T06:54:59.750167+00:00 ip-172-31-36-148 systemd[1]: Starting systemd-journal-flush.service - Flush Journal to Persistent Storage...
2026-03-02T06:54:59.750171+00:00 ip-172-31-36-148 systemd[1]: systemd-pstore.service - Platform Persistent Storage Archival was skipped because of an unmet condition check (ConditionDirectoryNotEmpty=/sys/fs/pstore).
2026-03-02T06:54:59.750176+00:00 ip-172-31-36-148 systemd[1]: Starting systemd-random-seed.service - Load/Save OS Random Seed...
2026-03-02T06:54:59.750184+00:00 ip-172-31-36-148 systemd[1]: Starting systemd-sysusers.service - Create System Users...
2026-03-02T06:54:59.750189+00:00 ip-172-31-36-148 systemd[1]: systemd-tpm2-setup.service - TPM2 SRK Setup was skipped because of an unmet condition check (ConditionSecurity=measured-uki).
2026-03-02T06:54:59.750193+00:00 ip-172-31-36-148 systemd[1]: Finished systemd-random-seed.service - Load/Save OS Random Seed.
2026-03-02T06:54:59.750198+00:00 ip-172-31-36-148 systemd[1]: Finished systemd-sysusers.service - Create System Users.
2026-03-02T06:54:59.750202+00:00 ip-172-31-36-148 systemd[1]: Starting systemd-tmpfiles-setup-dev.service - Create Static Device Nodes in /dev...
2026-03-02T06:54:59.750207+00:00 ip-172-31-36-148 systemd[1]: Finished systemd-journal-flush.service - Flush Journal to Persistent Storage.
2026-03-02T06:54:59.750214+00:00 ip-172-31-36-148 systemd[1]: Finished systemd-tmpfiles-setup-dev.service - Create Static Device Nodes in /dev.
2026-03-02T06:54:59.750219+00:00 ip-172-31-36-148 systemd[1]: Starting systemd-udevd.service - Rule-based Manager for Device Events and Files...
2026-03-02T06:54:59.750223+00:00 ip-172-31-36-148 multipathd[189]: multipathd v0.9.4: start up
2026-03-02T06:54:59.750228+00:00 ip-172-31-36-148 multipathd[189]: reconfigure: setting up paths and maps
2026-03-02T06:54:59.750233+00:00 ip-172-31-36-148 systemd[1]: Started multipathd.service - Device-Mapper Multipath Device Controller.
2026-03-02T06:54:59.750237+00:00 ip-172-31-36-148 systemd[1]: Reached target local-fs-pre.target - Preparation for Local File Systems.
2026-03-02T06:54:59.750245+00:00 ip-172-31-36-148 systemd-udevd[200]: Using default interface naming scheme 'v255'.
2026-03-02T06:54:59.750249+00:00 ip-172-31-36-148 systemd[1]: Mounting snap-amazon\x2dssm\x2dagent-11797.mount - Mount unit for amazon-ssm-agent, revision 11797...
2026-03-02T06:54:59.750254+00:00 ip-172-31-36-148 systemd[1]: Mounting snap-core22-2163.mount - Mount unit for core22, revision 2163...
2026-03-02T06:54:59.750258+00:00 ip-172-31-36-148 systemd[1]: Mounting snap-snapd-25577.mount - Mount unit for snapd, revision 25577...
2026-03-02T06:54:59.750263+00:00 ip-172-31-36-148 systemd[1]: Mounted snap-amazon\x2dssm\x2dagent-11797.mount - Mount unit for amazon-ssm-agent, revision 11797.
2026-03-02T06:54:59.750270+00:00 ip-172-31-36-148 systemd[1]: Mounted snap-core22-2163.mount - Mount unit for core22, revision 2163.
2026-03-02T06:54:59.750275+00:00 ip-172-31-36-148 systemd[1]: Mounted snap-snapd-25577.mount - Mount unit for snapd, revision 25577.
2026-03-02T06:54:59.750280+00:00 ip-172-31-36-148 systemd[1]: Reached target snapd.mounts.target - Mounted snaps.
2026-03-02T06:54:59.750285+00:00 ip-172-31-36-148 systemd[1]: Started systemd-udevd.service - Rule-based Manager for Device Events and Files.
2026-03-02T06:54:59.750289+00:00 ip-172-31-36-148 systemd[1]: plymouth-start.service - Show Plymouth Boot Screen was skipped because of an unmet condition check (ConditionKernelCommandLine=splash).
2026-03-02T06:54:59.750294+00:00 ip-172-31-36-148 systemd[1]: Started systemd-ask-password-console.path - Dispatch Password Requests to Console Directory Watch.
2026-03-02T06:54:59.750302+00:00 ip-172-31-36-148 systemd[1]: systemd-ask-password-plymouth.path - Forward Password Requests to Plymouth Directory Watch was skipped because of an unmet condition check (ConditionPathExists=/run/plymouth/pid).
2026-03-02T06:54:59.750306+00:00 ip-172-31-36-148 systemd[1]: Reached target cryptsetup.target - Local Encrypted Volumes.
2026-03-02T06:54:59.750311+00:00 ip-172-31-36-148 systemd[1]: Found device dev-ttyS0.device - /dev/ttyS0.
2026-03-02T06:54:59.750316+00:00 ip-172-31-36-148 multipath: nvme0n1: uid = nvme.1d0f-766f6c3030646532386235306562316436356135-416d617a6f6e20456c617374696320426c6f636b2053746f7265-00000001 (sysfs)
2026-03-02T06:54:59.750323+00:00 ip-172-31-36-148 systemd[1]: Found device dev-disk-by\x2dlabel-BOOT.device - Amazon Elastic Block Store BOOT.
2026-03-02T06:54:59.750330+00:00 ip-172-31-36-148 systemd[1]: Found device dev-disk-by\x2dlabel-UEFI.device - Amazon Elastic Block Store UEFI.
2026-03-02T06:54:59.750335+00:00 ip-172-31-36-148 systemd[1]: Starting systemd-fsck@dev-disk-by\x2dlabel-BOOT.service - File System Check on /dev/disk/by-label/BOOT...
2026-03-02T06:54:59.750339+00:00 ip-172-31-36-148 systemd[1]: Starting systemd-fsck@dev-disk-by\x2dlabel-UEFI.service - File System Check on /dev/disk/by-label/UEFI...
2026-03-02T06:54:59.750344+00:00 ip-172-31-36-148 systemd-fsck[254]: BOOT: clean, 601/58496 files, 31107/233728 blocks
2026-03-02T06:54:59.750350+00:00 ip-172-31-36-148 systemd[1]: Finished systemd-fsck@dev-disk-by\x2dlabel-BOOT.service - File System Check on /dev/disk/by-label/BOOT.
2026-03-02T06:54:59.750358+00:00 ip-172-31-36-148 systemd-fsck[255]: fsck.fat 4.2 (2021-01-31)
2026-03-02T06:54:59.750363+00:00 ip-172-31-36-148 systemd-fsck[255]: /dev/nvme0n1p15: 12 files, 12499/213663 clusters
2026-03-02T06:54:59.750368+00:00 ip-172-31-36-148 systemd[1]: Finished systemd-fsck@dev-disk-by\x2dlabel-UEFI.service - File System Check on /dev/disk/by-label/UEFI.
2026-03-02T06:54:59.750373+00:00 ip-172-31-36-148 systemd[1]: Listening on systemd-rfkill.socket - Load/Save RF Kill Switch Status /dev/rfkill Watch.
2026-03-02T06:54:59.750378+00:00 ip-172-31-36-148 systemd[1]: Mounting boot.mount - /boot...
2026-03-02T06:54:59.750382+00:00 ip-172-31-36-148 systemd[1]: Mounted boot.mount - /boot.
2026-03-02T06:54:59.750389+00:00 ip-172-31-36-148 systemd[1]: Mounting boot-efi.mount - /boot/efi...
2026-03-02T06:54:59.750394+00:00 ip-172-31-36-148 systemd[1]: Mounted boot-efi.mount - /boot/efi.
2026-03-02T06:54:59.750398+00:00 ip-172-31-36-148 systemd[1]: Reached target local-fs.target - Local File Systems.
2026-03-02T06:54:59.750402+00:00 ip-172-31-36-148 systemd[1]: Listening on systemd-sysext.socket - System Extension Image Management (Varlink).
2026-03-02T06:54:59.750407+00:00 ip-172-31-36-148 systemd[1]: Starting apparmor.service - Load AppArmor profiles...
2026-03-02T06:54:59.750412+00:00 ip-172-31-36-148 systemd[1]: Starting console-setup.service - Set console font and keymap...
2026-03-02T06:54:59.750416+00:00 ip-172-31-36-148 systemd[1]: Starting finalrd.service - Create final runtime dir for shutdown pivot root...
2026-03-02T06:54:59.750423+00:00 ip-172-31-36-148 systemd[1]: Starting ldconfig.service - Rebuild Dynamic Linker Cache...
2026-03-02T06:54:59.750428+00:00 ip-172-31-36-148 systemd[1]: Starting plymouth-read-write.service - Tell Plymouth To Write Out Runtime Data...
2026-03-02T06:54:59.750432+00:00 ip-172-31-36-148 apparmor.systemd[296]: Restarting AppArmor
2026-03-02T06:54:59.750437+00:00 ip-172-31-36-148 systemd[1]: Starting systemd-binfmt.service - Set Up Additional Binary Formats...
2026-03-02T06:54:59.750441+00:00 ip-172-31-36-148 systemd[1]: Starting systemd-tmpfiles-setup.service - Create Volatile Files and Directories...
2026-03-02T06:54:59.750449+00:00 ip-172-31-36-148 apparmor.systemd[296]: Reloading AppArmor profiles
2026-03-02T06:54:59.750455+00:00 ip-172-31-36-148 systemd[1]: Starting ufw.service - Uncomplicated firewall...
2026-03-02T06:54:59.750460+00:00 ip-172-31-36-148 systemd[1]: Finished console-setup.service - Set console font and keymap.
2026-03-02T06:54:59.750464+00:00 ip-172-31-36-148 systemd[1]: Finished finalrd.service - Create final runtime dir for shutdown pivot root.
2026-03-02T06:54:59.750468+00:00 ip-172-31-36-148 systemd[1]: Finished ufw.service - Uncomplicated firewall.
2026-03-02T06:54:59.750473+00:00 ip-172-31-36-148 systemd[1]: Finished plymouth-read-write.service - Tell Plymouth To Write Out Runtime Data.
2026-03-02T06:54:59.750480+00:00 ip-172-31-36-148 systemd[1]: proc-sys-fs-binfmt_misc.automount: Got automount request for /proc/sys/fs/binfmt_misc, triggered by 306 (systemd-binfmt)
2026-03-02T06:54:59.750485+00:00 ip-172-31-36-148 systemd[1]: Mounting proc-sys-fs-binfmt_misc.mount - Arbitrary Executable File Formats File System...
2026-03-02T06:54:59.750489+00:00 ip-172-31-36-148 systemd[1]: Mounted proc-sys-fs-binfmt_misc.mount - Arbitrary Executable File Formats File System.
2026-03-02T06:54:59.750494+00:00 ip-172-31-36-148 systemd[1]: Finished ldconfig.service - Rebuild Dynamic Linker Cache.
2026-03-02T06:54:59.750498+00:00 ip-172-31-36-148 systemd[1]: Finished systemd-binfmt.service - Set Up Additional Binary Formats.
2026-03-02T06:54:59.750502+00:00 ip-172-31-36-148 systemd[1]: Finished systemd-tmpfiles-setup.service - Create Volatile Files and Directories.
2026-03-02T06:54:59.750510+00:00 ip-172-31-36-148 systemd[1]: systemd-firstboot.service - First Boot Wizard was skipped because of an unmet condition check (ConditionFirstBoot=yes).
2026-03-02T06:54:59.750514+00:00 ip-172-31-36-148 systemd[1]: first-boot-complete.target - First Boot Complete was skipped because of an unmet condition check (ConditionFirstBoot=yes).
2026-03-02T06:54:59.750519+00:00 ip-172-31-36-148 systemd[1]: Starting systemd-journal-catalog-update.service - Rebuild Journal Catalog...
2026-03-02T06:54:59.750524+00:00 ip-172-31-36-148 systemd[1]: Starting systemd-machine-id-commit.service - Commit a transient machine-id on disk...
2026-03-02T06:54:59.750528+00:00 ip-172-31-36-148 systemd[1]: Starting systemd-resolved.service - Network Name Resolution...
2026-03-02T06:54:59.750536+00:00 ip-172-31-36-148 systemd[1]: Starting systemd-update-utmp.service - Record System Boot/Shutdown in UTMP...
2026-03-02T06:54:59.750541+00:00 ip-172-31-36-148 systemd[1]: Finished systemd-update-utmp.service - Record System Boot/Shutdown in UTMP.
2026-03-02T06:54:59.750545+00:00 ip-172-31-36-148 systemd[1]: Finished systemd-journal-catalog-update.service - Rebuild Journal Catalog.
2026-03-02T06:54:59.750550+00:00 ip-172-31-36-148 systemd[1]: Starting systemd-update-done.service - Update is Completed...
2026-03-02T06:54:59.750555+00:00 ip-172-31-36-148 systemd[1]: Finished systemd-update-done.service - Update is Completed.
2026-03-02T06:54:59.750559+00:00 ip-172-31-36-148 systemd[1]: etc-machine\x2did.mount: Deactivated successfully.
2026-03-02T06:54:59.750567+00:00 ip-172-31-36-148 systemd[1]: Finished systemd-machine-id-commit.service - Commit a transient machine-id on disk.
2026-03-02T06:54:59.750572+00:00 ip-172-31-36-148 systemd-resolved[333]: Positive Trust Anchors:
2026-03-02T06:54:59.750576+00:00 ip-172-31-36-148 systemd-resolved[333]: . IN DS 20326 8 2 e06d44b80b8f1d39a95c0b0d7c65d08458e880409bbc683457104237c7f8ec8d
2026-03-02T06:54:59.750581+00:00 ip-172-31-36-148 systemd-resolved[333]: Negative trust anchors: home.arpa 10.in-addr.arpa 16.172.in-addr.arpa 17.172.in-addr.arpa 18.172.in-addr.arpa 19.172.in-addr.arpa 20.172.in-addr.arpa 21.172.in-addr.arpa 22.172.in-addr.arpa 23.172.in-addr.arpa 24.172.in-addr.arpa 25.172.in-addr.arpa 26.172.in-addr.arpa 27.172.in-addr.arpa 28.172.in-addr.arpa 29.172.in-addr.arpa 30.172.in-addr.arpa 31.172.in-addr.arpa 170.0.0.192.in-addr.arpa 171.0.0.192.in-addr.arpa 168.192.in-addr.arpa d.f.ip6.arpa ipv4only.arpa corp home internal intranet lan local private test
2026-03-02T06:54:59.750586+00:00 ip-172-31-36-148 systemd-resolved[333]: Using system hostname 'ubuntu'.
2026-03-02T06:54:59.750593+00:00 ip-172-31-36-148 systemd[1]: Started systemd-resolved.service - Network Name Resolution.
2026-03-02T06:54:59.750598+00:00 ip-172-31-36-148 systemd[1]: Reached target nss-lookup.target - Host and Network Name Lookups.
2026-03-02T06:54:59.750602+00:00 ip-172-31-36-148 systemd[1]: Finished apparmor.service - Load AppArmor profiles.
2026-03-02T06:54:59.750606+00:00 ip-172-31-36-148 systemd[1]: Starting snapd.apparmor.service - Load AppArmor profiles managed internally by snapd...
2026-03-02T06:54:59.750611+00:00 ip-172-31-36-148 systemd[1]: vgauth.service - Authentication service for virtual machines hosted on VMware was skipped because of an unmet condition check (ConditionVirtualization=vmware).
2026-03-02T06:54:59.750615+00:00 ip-172-31-36-148 systemd[1]: open-vm-tools.service - Service for virtual machines hosted on VMware was skipped because of an unmet condition check (ConditionVirtualization=vmware).
2026-03-02T06:54:59.750623+00:00 ip-172-31-36-148 systemd[1]: Starting cloud-init-local.service - Cloud-init: Local Stage (pre-network)...
2026-03-02T06:54:59.750627+00:00 ip-172-31-36-148 snapd-apparmor[440]: main.go:146: Loading profiles [/var/lib/snapd/apparmor/profiles/snap-confine.snapd.25577 /var/lib/snapd/apparmor/profiles/snap-update-ns.amazon-ssm-agent /var/lib/snapd/apparmor/profiles/snap.amazon-ssm-agent.amazon-ssm-agent /var/lib/snapd/apparmor/profiles/snap.amazon-ssm-agent.ssm-cli]
2026-03-02T06:54:59.750633+00:00 ip-172-31-36-148 systemd[1]: Finished snapd.apparmor.service - Load AppArmor profiles managed internally by snapd.
2026-03-02T06:54:59.750637+00:00 ip-172-31-36-148 cloud-init[457]: Cloud-init v. 25.2-0ubuntu1~24.04.1 running 'init-local' at Mon, 02 Mar 2026 06:54:53 +0000. Up 5.34 seconds.
2026-03-02T06:54:59.750643+00:00 ip-172-31-36-148 dhcpcd[460]: dhcpcd-10.0.6 starting
2026-03-02T06:54:59.750661+00:00 ip-172-31-36-148 dhcpcd[463]: DUID 00:01:00:01:31:37:f0:bd:0a:c7:1a:c8:7f:75
2026-03-02T06:54:59.750666+00:00 ip-172-31-36-148 dhcpcd[463]: ens5: IAID 1a:c8:7f:75
2026-03-02T06:54:59.750671+00:00 ip-172-31-36-148 dhcpcd[463]: ens5: soliciting a DHCP lease
2026-03-02T06:54:59.750675+00:00 ip-172-31-36-148 dhcpcd[463]: ens5: offered 172.31.36.148 from 172.31.32.1
2026-03-02T06:54:59.750680+00:00 ip-172-31-36-148 dhcpcd[463]: ens5: leased 172.31.36.148 for 3600 seconds
2026-03-02T06:54:59.750684+00:00 ip-172-31-36-148 dhcpcd[463]: ens5: adding route to 172.31.32.0/20
2026-03-02T06:54:59.750692+00:00 ip-172-31-36-148 dhcpcd[463]: ens5: adding default route via 172.31.32.1
2026-03-02T06:54:59.750697+00:00 ip-172-31-36-148 dhcpcd[463]: control command: dhcpcd --dumplease --ipv4only ens5
2026-03-02T06:54:59.750702+00:00 ip-172-31-36-148 systemd-resolved[333]: System hostname changed to 'ip-172-31-36-148'.
2026-03-02T06:54:59.750707+00:00 ip-172-31-36-148 systemd[1]: netplan-ovs-cleanup.service - OpenVSwitch configuration for cleanup was skipped because of an unmet condition check (ConditionFileIsExecutable=/usr/bin/ovs-vsctl).
2026-03-02T06:54:59.750727+00:00 ip-172-31-36-148 systemd[1]: message repeated 2 times: [ netplan-ovs-cleanup.service - OpenVSwitch configuration for cleanup was skipped because of an unmet condition check (ConditionFileIsExecutable=/usr/bin/ovs-vsctl).]
2026-03-02T06:54:59.750734+00:00 ip-172-31-36-148 systemd[1]: Reloading requested from client PID 498 ('systemctl') (unit cloud-init-local.service)...
2026-03-02T06:54:59.750742+00:00 ip-172-31-36-148 systemd[1]: Reloading...
2026-03-02T06:54:59.750746+00:00 ip-172-31-36-148 systemd[1]: Reloading finished in 200 ms.
2026-03-02T06:54:59.750751+00:00 ip-172-31-36-148 systemd[1]: Finished cloud-init-local.service - Cloud-init: Local Stage (pre-network).
2026-03-02T06:54:59.750756+00:00 ip-172-31-36-148 systemd[1]: Reached target network-pre.target - Preparation for Network.
2026-03-02T06:54:59.750765+00:00 ip-172-31-36-148 systemd[1]: Starting systemd-networkd.service - Network Configuration...
2026-03-02T06:54:59.750769+00:00 ip-172-31-36-148 systemd-networkd[533]: lo: Link UP
2026-03-02T06:54:59.750774+00:00 ip-172-31-36-148 systemd-networkd[533]: lo: Gained carrier
2026-03-02T06:54:59.750778+00:00 ip-172-31-36-148 systemd-networkd[533]: Enumeration completed
2026-03-02T06:54:59.750782+00:00 ip-172-31-36-148 systemd[1]: Started systemd-networkd.service - Network Configuration.
2026-03-02T06:54:59.750787+00:00 ip-172-31-36-148 systemd-networkd[533]: ens5: Link UP
2026-03-02T06:54:59.750792+00:00 ip-172-31-36-148 systemd-networkd[533]: ens5: Gained carrier
2026-03-02T06:54:59.750800+00:00 ip-172-31-36-148 systemd-networkd[533]: ens5: Gained IPv6LL
2026-03-02T06:54:59.750805+00:00 ip-172-31-36-148 systemd-networkd[533]: ens5: Link DOWN
2026-03-02T06:54:59.750809+00:00 ip-172-31-36-148 systemd-networkd[533]: ens5: Lost carrier
2026-03-02T06:54:59.750814+00:00 ip-172-31-36-148 systemd[1]: Reached target network.target - Network.
2026-03-02T06:54:59.750818+00:00 ip-172-31-36-148 systemd-networkd[533]: ens5: Configuring with /run/systemd/network/10-netplan-ens5.network.
2026-03-02T06:54:59.750824+00:00 ip-172-31-36-148 systemd-networkd[533]: ens5: Link UP
2026-03-02T06:54:59.750832+00:00 ip-172-31-36-148 systemd-networkd[533]: ens5: Gained carrier
2026-03-02T06:54:59.750837+00:00 ip-172-31-36-148 systemd[1]: Starting systemd-networkd-wait-online.service - Wait for Network to be Configured...
2026-03-02T06:54:59.750842+00:00 ip-172-31-36-148 systemd-networkd[533]: ens5: DHCPv4 address 172.31.36.148/20, gateway 172.31.32.1 acquired from 172.31.32.1
2026-03-02T06:54:59.750848+00:00 ip-172-31-36-148 systemd-networkd[533]: ens5: Gained IPv6LL
2026-03-02T06:54:59.750853+00:00 ip-172-31-36-148 systemd[1]: Finished systemd-networkd-wait-online.service - Wait for Network to be Configured.
2026-03-02T06:54:59.750857+00:00 ip-172-31-36-148 systemd[1]: Starting cloud-init.service - Cloud-init: Network Stage...
2026-03-02T06:54:59.750865+00:00 ip-172-31-36-148 cloud-init[543]: Cloud-init v. 25.2-0ubuntu1~24.04.1 running 'init' at Mon, 02 Mar 2026 06:54:57 +0000. Up 9.69 seconds.
2026-03-02T06:54:59.750871+00:00 ip-172-31-36-148 cloud-init[543]: ci-info: ++++++++++++++++++++++++++++++++++++++Net device info+++++++++++++++++++++++++++++++++++++++
2026-03-02T06:54:59.750875+00:00 ip-172-31-36-148 cloud-init[543]: ci-info: +--------+------+-----------------------------+---------------+--------+-------------------+
2026-03-02T06:54:59.750880+00:00 ip-172-31-36-148 cloud-init[543]: ci-info: | Device |  Up  |           Address           |      Mask     | Scope  |     Hw-Address    |
2026-03-02T06:54:59.741012+00:00 ip-172-31-36-148 kernel: Linux version 6.14.0-1018-aws (buildd@lcy02-amd64-107) (x86_64-linux-gnu-gcc-13 (Ubuntu 13.3.0-6ubuntu2~24.04) 13.3.0, GNU ld (GNU Binutils for Ubuntu) 2.42) #18~24.04.1-Ubuntu SMP Mon Nov 24 19:46:27 UTC 2025 (Ubuntu 6.14.0-1018.18~24.04.1-aws 6.14.11)
2026-03-02T06:54:59.754941+00:00 ip-172-31-36-148 kernel: Command line: BOOT_IMAGE=/vmlinuz-6.14.0-1018-aws root=PARTUUID=2baf9194-a5fb-4b12-adb0-45166f0feb06 ro console=tty1 console=ttyS0 nvme_core.io_timeout=4294967295 panic=-1
2026-03-02T06:54:59.754946+00:00 ip-172-31-36-148 kernel: KERNEL supported cpus:
2026-03-02T06:54:59.754947+00:00 ip-172-31-36-148 kernel:   Intel GenuineIntel
2026-03-02T06:54:59.754948+00:00 ip-172-31-36-148 kernel:   AMD AuthenticAMD
2026-03-02T06:54:59.754948+00:00 ip-172-31-36-148 kernel:   Hygon HygonGenuine
2026-03-02T06:54:59.754949+00:00 ip-172-31-36-148 kernel:   Centaur CentaurHauls
2026-03-02T06:54:59.754952+00:00 ip-172-31-36-148 kernel:   zhaoxin   Shanghai  
2026-03-02T06:54:59.754953+00:00 ip-172-31-36-148 kernel: BIOS-provided physical RAM map:
2026-03-02T06:54:59.754954+00:00 ip-172-31-36-148 kernel: BIOS-e820: [mem 0x0000000000000000-0x000000000009ffff] usable
2026-03-02T06:54:59.754955+00:00 ip-172-31-36-148 kernel: BIOS-e820: [mem 0x0000000000100000-0x00000000390cdfff] usable
2026-03-02T06:54:59.754955+00:00 ip-172-31-36-148 kernel: BIOS-e820: [mem 0x00000000390ce000-0x000000003934dfff] reserved
2026-03-02T06:54:59.754956+00:00 ip-172-31-36-148 kernel: BIOS-e820: [mem 0x000000003934e000-0x000000003935dfff] ACPI data
2026-03-02T06:54:59.754960+00:00 ip-172-31-36-148 kernel: BIOS-e820: [mem 0x000000003935e000-0x00000000393ddfff] ACPI NVS
2026-03-02T06:54:59.754961+00:00 ip-172-31-36-148 kernel: BIOS-e820: [mem 0x00000000393de000-0x000000003d37bfff] usable
2026-03-02T06:54:59.754961+00:00 ip-172-31-36-148 kernel: BIOS-e820: [mem 0x000000003d37c000-0x000000003d3fffff] reserved
2026-03-02T06:54:59.754962+00:00 ip-172-31-36-148 kernel: NX (Execute Disable) protection: active
2026-03-02T06:54:59.754963+00:00 ip-172-31-36-148 kernel: APIC: Static calls initialized
2026-03-02T06:54:59.754963+00:00 ip-172-31-36-148 kernel: e820: update [mem 0x3728d018-0x37295e57] usable ==> usable
2026-03-02T06:54:59.754964+00:00 ip-172-31-36-148 kernel: extended physical RAM map:
2026-03-02T06:54:59.754967+00:00 ip-172-31-36-148 kernel: reserve setup_data: [mem 0x0000000000000000-0x000000000009ffff] usable
2026-03-02T06:54:59.754968+00:00 ip-172-31-36-148 kernel: reserve setup_data: [mem 0x0000000000100000-0x000000003728d017] usable
2026-03-02T06:54:59.754969+00:00 ip-172-31-36-148 kernel: reserve setup_data: [mem 0x000000003728d018-0x0000000037295e57] usable
2026-03-02T06:54:59.754969+00:00 ip-172-31-36-148 kernel: reserve setup_data: [mem 0x0000000037295e58-0x00000000390cdfff] usable
2026-03-02T06:54:59.754970+00:00 ip-172-31-36-148 kernel: reserve setup_data: [mem 0x00000000390ce000-0x000000003934dfff] reserved
2026-03-02T06:54:59.754970+00:00 ip-172-31-36-148 kernel: reserve setup_data: [mem 0x000000003934e000-0x000000003935dfff] ACPI data
2026-03-02T06:54:59.754974+00:00 ip-172-31-36-148 kernel: reserve setup_data: [mem 0x000000003935e000-0x00000000393ddfff] ACPI NVS
2026-03-02T06:54:59.754975+00:00 ip-172-31-36-148 kernel: reserve setup_data: [mem 0x00000000393de000-0x000000003d37bfff] usable
2026-03-02T06:54:59.754975+00:00 ip-172-31-36-148 kernel: reserve setup_data: [mem 0x000000003d37c000-0x000000003d3fffff] reserved
2026-03-02T06:54:59.754976+00:00 ip-172-31-36-148 kernel: efi: EFI v2.7 by EDK II
2026-03-02T06:54:59.754977+00:00 ip-172-31-36-148 kernel: efi: SMBIOS=0x3926a000 ACPI=0x3935d000 ACPI 2.0=0x3935d014 MEMATTR=0x37a0e018 MOKvar=0x39258000 INITRD=0x372cdf18 
2026-03-02T06:54:59.754978+00:00 ip-172-31-36-148 kernel: SMBIOS 2.7 present.
2026-03-02T06:54:59.754981+00:00 ip-172-31-36-148 kernel: DMI: Amazon EC2 t3.micro/, BIOS 1.0 10/16/2017
2026-03-02T06:54:59.754982+00:00 ip-172-31-36-148 kernel: DMI: Memory slots populated: 1/1
2026-03-02T06:54:59.754982+00:00 ip-172-31-36-148 kernel: secureboot: Secure boot disabled
2026-03-02T06:54:59.754983+00:00 ip-172-31-36-148 kernel: Hypervisor detected: KVM
2026-03-02T06:54:59.754983+00:00 ip-172-31-36-148 kernel: kvm-clock: Using msrs 4b564d01 and 4b564d00
2026-03-02T06:54:59.754984+00:00 ip-172-31-36-148 kernel: kvm-clock: using sched offset of 2541937985 cycles
2026-03-02T06:54:59.754985+00:00 ip-172-31-36-148 kernel: clocksource: kvm-clock: mask: 0xffffffffffffffff max_cycles: 0x1cd42e4dffb, max_idle_ns: 881590591483 ns
2026-03-02T06:54:59.754988+00:00 ip-172-31-36-148 kernel: tsc: Detected 2499.992 MHz processor
2026-03-02T06:54:59.754989+00:00 ip-172-31-36-148 kernel: e820: update [mem 0x00000000-0x00000fff] usable ==> reserved
2026-03-02T06:54:59.754989+00:00 ip-172-31-36-148 kernel: e820: remove [mem 0x000a0000-0x000fffff] usable
2026-03-02T06:54:59.754990+00:00 ip-172-31-36-148 kernel: last_pfn = 0x3d37c max_arch_pfn = 0x400000000
2026-03-02T06:54:59.754991+00:00 ip-172-31-36-148 kernel: MTRR map: 4 entries (2 fixed + 2 variable; max 18), built from 8 variable MTRRs
2026-03-02T06:54:59.754991+00:00 ip-172-31-36-148 kernel: x86/PAT: Configuration [0-7]: WB  WC  UC- UC  WB  WP  UC- WT  
2026-03-02T06:54:59.754995+00:00 ip-172-31-36-148 kernel: Using GB pages for direct mapping
2026-03-02T06:54:59.754995+00:00 ip-172-31-36-148 kernel: secureboot: Secure boot disabled
2026-03-02T06:54:59.754996+00:00 ip-172-31-36-148 kernel: RAMDISK: [mem 0x31f6e000-0x32c16fff]
2026-03-02T06:54:59.754997+00:00 ip-172-31-36-148 kernel: ACPI: Early table checksum verification disabled
2026-03-02T06:54:59.754997+00:00 ip-172-31-36-148 kernel: ACPI: RSDP 0x000000003935D014 000024 (v02 AMAZON)
2026-03-02T06:54:59.754998+00:00 ip-172-31-36-148 kernel: ACPI: XSDT 0x000000003935C0E8 00006C (v01 AMAZON AMZNFACP 00000001      01000013)
2026-03-02T06:54:59.755001+00:00 ip-172-31-36-148 kernel: ACPI: FACP 0x0000000039355000 000114 (v01 AMAZON AMZNFACP 00000001 AMZN 00000001)
2026-03-02T06:54:59.755002+00:00 ip-172-31-36-148 kernel: ACPI: DSDT 0x0000000039356000 00115A (v01 AMAZON AMZNDSDT 00000001 AMZN 00000001)
2026-03-02T06:54:59.755002+00:00 ip-172-31-36-148 kernel: ACPI: FACS 0x00000000393D0000 000040
2026-03-02T06:54:59.755003+00:00 ip-172-31-36-148 kernel: ACPI: WAET 0x000000003935B000 000028 (v01 AMAZON AMZNWAET 00000001 AMZN 00000001)
2026-03-02T06:54:59.755004+00:00 ip-172-31-36-148 kernel: ACPI: SLIT 0x000000003935A000 00006C (v01 AMAZON AMZNSLIT 00000001 AMZN 00000001)
2026-03-02T06:54:59.755004+00:00 ip-172-31-36-148 kernel: ACPI: APIC 0x0000000039359000 000076 (v01 AMAZON AMZNAPIC 00000001 AMZN 00000001)
2026-03-02T06:54:59.755005+00:00 ip-172-31-36-148 kernel: ACPI: SRAT 0x0000000039358000 0000A0 (v01 AMAZON AMZNSRAT 00000001 AMZN 00000001)
2026-03-02T06:54:59.755008+00:00 ip-172-31-36-148 kernel: ACPI: HPET 0x0000000039354000 000038 (v01 AMAZON AMZNHPET 00000001 AMZN 00000001)
2026-03-02T06:54:59.755009+00:00 ip-172-31-36-148 kernel: ACPI: SSDT 0x0000000039353000 000759 (v01 AMAZON AMZNSSDT 00000001 AMZN 00000001)
2026-03-02T06:54:59.755009+00:00 ip-172-31-36-148 kernel: ACPI: SSDT 0x0000000039352000 00007F (v01 AMAZON AMZNSSDT 00000001 AMZN 00000001)
2026-03-02T06:54:59.755010+00:00 ip-172-31-36-148 kernel: ACPI: BGRT 0x0000000039351000 000038 (v01 AMAZON AMAZON   00000002      01000013)
2026-03-02T06:54:59.755011+00:00 ip-172-31-36-148 kernel: ACPI: Reserving FACP table memory at [mem 0x39355000-0x39355113]
2026-03-02T06:54:59.755012+00:00 ip-172-31-36-148 kernel: ACPI: Reserving DSDT table memory at [mem 0x39356000-0x39357159]
2026-03-02T06:54:59.755015+00:00 ip-172-31-36-148 kernel: ACPI: Reserving FACS table memory at [mem 0x393d0000-0x393d003f]
2026-03-02T06:54:59.755015+00:00 ip-172-31-36-148 kernel: ACPI: Reserving WAET table memory at [mem 0x3935b000-0x3935b027]
2026-03-02T06:54:59.755016+00:00 ip-172-31-36-148 kernel: ACPI: Reserving SLIT table memory at [mem 0x3935a000-0x3935a06b]
2026-03-02T06:54:59.755017+00:00 ip-172-31-36-148 kernel: ACPI: Reserving APIC table memory at [mem 0x39359000-0x39359075]
2026-03-02T06:54:59.755017+00:00 ip-172-31-36-148 kernel: ACPI: Reserving SRAT table memory at [mem 0x39358000-0x3935809f]
2026-03-02T06:54:59.755018+00:00 ip-172-31-36-148 kernel: ACPI: Reserving HPET table memory at [mem 0x39354000-0x39354037]
2026-03-02T06:54:59.755019+00:00 ip-172-31-36-148 kernel: ACPI: Reserving SSDT table memory at [mem 0x39353000-0x39353758]
2026-03-02T06:54:59.755022+00:00 ip-172-31-36-148 kernel: ACPI: Reserving SSDT table memory at [mem 0x39352000-0x3935207e]
2026-03-02T06:54:59.755023+00:00 ip-172-31-36-148 kernel: ACPI: Reserving BGRT table memory at [mem 0x39351000-0x39351037]
2026-03-02T06:54:59.755023+00:00 ip-172-31-36-148 kernel: ACPI: SRAT: Node 0 PXM 0 [mem 0x00000000-0x3fffffff]
2026-03-02T06:54:59.755024+00:00 ip-172-31-36-148 kernel: NUMA: Initialized distance table, cnt=1
2026-03-02T06:54:59.755025+00:00 ip-172-31-36-148 kernel: NODE_DATA(0) allocated [mem 0x3b2cb540-0x3b2f5fff]
2026-03-02T06:54:59.755025+00:00 ip-172-31-36-148 kernel: Zone ranges:
2026-03-02T06:54:59.755029+00:00 ip-172-31-36-148 kernel:   DMA      [mem 0x0000000000001000-0x0000000000ffffff]
2026-03-02T06:54:59.755030+00:00 ip-172-31-36-148 kernel:   DMA32    [mem 0x0000000001000000-0x000000003d37bfff]
2026-03-02T06:54:59.755030+00:00 ip-172-31-36-148 kernel:   Normal   empty
2026-03-02T06:54:59.755031+00:00 ip-172-31-36-148 kernel:   Device   empty
2026-03-02T06:54:59.755031+00:00 ip-172-31-36-148 kernel: Movable zone start for each node
2026-03-02T06:54:59.755032+00:00 ip-172-31-36-148 kernel: Early memory node ranges
2026-03-02T06:54:59.755036+00:00 ip-172-31-36-148 kernel:   node   0: [mem 0x0000000000001000-0x000000000009ffff]
2026-03-02T06:54:59.755036+00:00 ip-172-31-36-148 kernel:   node   0: [mem 0x0000000000100000-0x00000000390cdfff]
2026-03-02T06:54:59.755037+00:00 ip-172-31-36-148 kernel:   node   0: [mem 0x00000000393de000-0x000000003d37bfff]
2026-03-02T06:54:59.755038+00:00 ip-172-31-36-148 kernel: Initmem setup node 0 [mem 0x0000000000001000-0x000000003d37bfff]
2026-03-02T06:54:59.755038+00:00 ip-172-31-36-148 kernel: On node 0, zone DMA: 1 pages in unavailable ranges
2026-03-02T06:54:59.755039+00:00 ip-172-31-36-148 kernel: On node 0, zone DMA: 96 pages in unavailable ranges
2026-03-02T06:54:59.755039+00:00 ip-172-31-36-148 kernel: On node 0, zone DMA32: 784 pages in unavailable ranges
2026-03-02T06:54:59.755044+00:00 ip-172-31-36-148 kernel: On node 0, zone DMA32: 11396 pages in unavailable ranges
2026-03-02T06:54:59.755045+00:00 ip-172-31-36-148 kernel: ACPI: PM-Timer IO Port: 0xb008
2026-03-02T06:54:59.755045+00:00 ip-172-31-36-148 kernel: ACPI: LAPIC_NMI (acpi_id[0xff] dfl dfl lint[0x1])
2026-03-02T06:54:59.755046+00:00 ip-172-31-36-148 kernel: IOAPIC[0]: apic_id 0, version 32, address 0xfec00000, GSI 0-23
2026-03-02T06:54:59.755046+00:00 ip-172-31-36-148 kernel: ACPI: INT_SRC_OVR (bus 0 bus_irq 5 global_irq 5 high level)
2026-03-02T06:54:59.755047+00:00 ip-172-31-36-148 kernel: ACPI: INT_SRC_OVR (bus 0 bus_irq 9 global_irq 9 high level)
2026-03-02T06:54:59.755050+00:00 ip-172-31-36-148 kernel: ACPI: INT_SRC_OVR (bus 0 bus_irq 10 global_irq 10 high level)
2026-03-02T06:54:59.755051+00:00 ip-172-31-36-148 kernel: ACPI: INT_SRC_OVR (bus 0 bus_irq 11 global_irq 11 high level)
2026-03-02T06:54:59.755051+00:00 ip-172-31-36-148 kernel: ACPI: Using ACPI (MADT) for SMP configuration information
2026-03-02T06:54:59.755052+00:00 ip-172-31-36-148 kernel: ACPI: HPET id: 0x8086a201 base: 0xfed00000
2026-03-02T06:54:59.755053+00:00 ip-172-31-36-148 kernel: e820: update [mem 0x3734b000-0x37366fff] usable ==> reserved
2026-03-02T06:54:59.755053+00:00 ip-172-31-36-148 kernel: TSC deadline timer available
2026-03-02T06:54:59.755054+00:00 ip-172-31-36-148 kernel: CPU topo: Max. logical packages:   1
2026-03-02T06:54:59.755057+00:00 ip-172-31-36-148 kernel: CPU topo: Max. logical dies:       1
2026-03-02T06:54:59.755058+00:00 ip-172-31-36-148 kernel: CPU topo: Max. dies per package:   1
2026-03-02T06:54:59.755059+00:00 ip-172-31-36-148 kernel: CPU topo: Max. threads per core:   2
2026-03-02T06:54:59.755059+00:00 ip-172-31-36-148 kernel: CPU topo: Num. cores per package:     1
2026-03-02T06:54:59.755060+00:00 ip-172-31-36-148 kernel: CPU topo: Num. threads per package:   2
2026-03-02T06:54:59.755146+00:00 ip-172-31-36-148 kernel: CPU topo: Allowing 2 present CPUs plus 0 hotplug CPUs
2026-03-02T06:54:59.755150+00:00 ip-172-31-36-148 kernel: kvm-guest: APIC: eoi() replaced with kvm_guest_apic_eoi_write()
2026-03-02T06:54:59.755150+00:00 ip-172-31-36-148 kernel: PM: hibernation: Registered nosave memory: [mem 0x00000000-0x00000fff]
2026-03-02T06:54:59.755151+00:00 ip-172-31-36-148 kernel: PM: hibernation: Registered nosave memory: [mem 0x000a0000-0x000fffff]
2026-03-02T06:54:59.755152+00:00 ip-172-31-36-148 kernel: PM: hibernation: Registered nosave memory: [mem 0x3734b000-0x37366fff]
2026-03-02T06:54:59.755152+00:00 ip-172-31-36-148 kernel: PM: hibernation: Registered nosave memory: [mem 0x390ce000-0x393ddfff]
2026-03-02T06:54:59.755153+00:00 ip-172-31-36-148 kernel: [mem 0x3d400000-0xffffffff] available for PCI devices
2026-03-02T06:54:59.755157+00:00 ip-172-31-36-148 kernel: Booting paravirtualized kernel on KVM
2026-03-02T06:54:59.755157+00:00 ip-172-31-36-148 kernel: clocksource: refined-jiffies: mask: 0xffffffff max_cycles: 0xffffffff, max_idle_ns: 1910969940391419 ns
2026-03-02T06:54:59.755158+00:00 ip-172-31-36-148 kernel: setup_percpu: NR_CPUS:8192 nr_cpumask_bits:2 nr_cpu_ids:2 nr_node_ids:1
2026-03-02T06:54:59.755158+00:00 ip-172-31-36-148 kernel: percpu: Embedded 88 pages/cpu s237568 r8192 d114688 u1048576
2026-03-02T06:54:59.755159+00:00 ip-172-31-36-148 kernel: pcpu-alloc: s237568 r8192 d114688 u1048576 alloc=1*2097152
2026-03-02T06:54:59.755160+00:00 ip-172-31-36-148 kernel: pcpu-alloc: [0] 0 1 
2026-03-02T06:54:59.755160+00:00 ip-172-31-36-148 kernel: kvm-guest: PV spinlocks enabled
2026-03-02T06:54:59.755163+00:00 ip-172-31-36-148 kernel: PV qspinlock hash table entries: 256 (order: 0, 4096 bytes, linear)
2026-03-02T06:54:59.755164+00:00 ip-172-31-36-148 kernel: Kernel command line: BOOT_IMAGE=/vmlinuz-6.14.0-1018-aws root=PARTUUID=2baf9194-a5fb-4b12-adb0-45166f0feb06 ro console=tty1 console=ttyS0 nvme_core.io_timeout=4294967295 panic=-1
2026-03-02T06:54:59.755165+00:00 ip-172-31-36-148 kernel: Unknown kernel command line parameters "BOOT_IMAGE=/vmlinuz-6.14.0-1018-aws", will be passed to user space.
2026-03-02T06:54:59.755166+00:00 ip-172-31-36-148 kernel: random: crng init done
2026-03-02T06:54:59.755166+00:00 ip-172-31-36-148 kernel: printk: log buffer data + meta data: 262144 + 917504 = 1179648 bytes
2026-03-02T06:54:59.755169+00:00 ip-172-31-36-148 kernel: Dentry cache hash table entries: 131072 (order: 8, 1048576 bytes, linear)
2026-03-02T06:54:59.755170+00:00 ip-172-31-36-148 kernel: Inode-cache hash table entries: 65536 (order: 7, 524288 bytes, linear)
2026-03-02T06:54:59.755171+00:00 ip-172-31-36-148 kernel: Fallback order for Node 0: 0 
2026-03-02T06:54:59.755172+00:00 ip-172-31-36-148 kernel: Built 1 zonelists, mobility grouping on.  Total pages: 249867
2026-03-02T06:54:59.755172+00:00 ip-172-31-36-148 kernel: Policy zone: DMA32
2026-03-02T06:54:59.755173+00:00 ip-172-31-36-148 kernel: mem auto-init: stack:all(zero), heap alloc:on, heap free:off
2026-03-02T06:54:59.755173+00:00 ip-172-31-36-148 kernel: SLUB: HWalign=64, Order=0-3, MinObjects=0, CPUs=2, Nodes=1
2026-03-02T06:54:59.755177+00:00 ip-172-31-36-148 kernel: Kernel/User page tables isolation: enabled
2026-03-02T06:54:59.755177+00:00 ip-172-31-36-148 kernel: ftrace: allocating 60703 entries in 238 pages
2026-03-02T06:54:59.755178+00:00 ip-172-31-36-148 kernel: ftrace section at ffffffffab8eb000 sorted properly
2026-03-02T06:54:59.755178+00:00 ip-172-31-36-148 kernel: ftrace: allocated 238 pages with 6 groups
2026-03-02T06:54:59.755179+00:00 ip-172-31-36-148 kernel: rcu: Hierarchical RCU implementation.
2026-03-02T06:54:59.755179+00:00 ip-172-31-36-148 kernel: rcu: 	RCU restricting CPUs from NR_CPUS=8192 to nr_cpu_ids=2.
2026-03-02T06:54:59.755183+00:00 ip-172-31-36-148 kernel: 	Rude variant of Tasks RCU enabled.
2026-03-02T06:54:59.755183+00:00 ip-172-31-36-148 kernel: 	Tracing variant of Tasks RCU enabled.
2026-03-02T06:54:59.755184+00:00 ip-172-31-36-148 kernel: rcu: RCU calculated value of scheduler-enlistment delay is 100 jiffies.
2026-03-02T06:54:59.755185+00:00 ip-172-31-36-148 kernel: rcu: Adjusting geometry for rcu_fanout_leaf=16, nr_cpu_ids=2
2026-03-02T06:54:59.755185+00:00 ip-172-31-36-148 kernel: RCU Tasks Rude: Setting shift to 1 and lim to 1 rcu_task_cb_adjust=1 rcu_task_cpu_ids=2.
2026-03-02T06:54:59.755186+00:00 ip-172-31-36-148 kernel: RCU Tasks Trace: Setting shift to 1 and lim to 1 rcu_task_cb_adjust=1 rcu_task_cpu_ids=2.
2026-03-02T06:54:59.755187+00:00 ip-172-31-36-148 kernel: NR_IRQS: 524544, nr_irqs: 440, preallocated irqs: 16
2026-03-02T06:54:59.755195+00:00 ip-172-31-36-148 kernel: rcu: srcu_init: Setting srcu_struct sizes based on contention.
2026-03-02T06:54:59.755196+00:00 ip-172-31-36-148 kernel: Console: colour dummy device 80x25
2026-03-02T06:54:59.755196+00:00 ip-172-31-36-148 kernel: printk: legacy console [tty1] enabled
2026-03-02T06:54:59.755197+00:00 ip-172-31-36-148 kernel: printk: legacy console [ttyS0] enabled
2026-03-02T06:54:59.755198+00:00 ip-172-31-36-148 kernel: ACPI: Core revision 20240827
2026-03-02T06:54:59.755198+00:00 ip-172-31-36-148 kernel: clocksource: hpet: mask: 0xffffffff max_cycles: 0xffffffff, max_idle_ns: 30580167144 ns
2026-03-02T06:54:59.755202+00:00 ip-172-31-36-148 kernel: APIC: Switch to symmetric I/O mode setup
2026-03-02T06:54:59.755202+00:00 ip-172-31-36-148 kernel: x2apic enabled
2026-03-02T06:54:59.755203+00:00 ip-172-31-36-148 kernel: APIC: Switched APIC routing to: physical x2apic
2026-03-02T06:54:59.755204+00:00 ip-172-31-36-148 kernel: clocksource: tsc-early: mask: 0xffffffffffffffff max_cycles: 0x24093255d7c, max_idle_ns: 440795319144 ns
2026-03-02T06:54:59.755205+00:00 ip-172-31-36-148 kernel: Calibrating delay loop (skipped) preset value.. 4999.98 BogoMIPS (lpj=2499992)
2026-03-02T06:54:59.755205+00:00 ip-172-31-36-148 kernel: Last level iTLB entries: 4KB 64, 2MB 8, 4MB 8
2026-03-02T06:54:59.755209+00:00 ip-172-31-36-148 kernel: Last level dTLB entries: 4KB 64, 2MB 32, 4MB 32, 1GB 4
2026-03-02T06:54:59.755209+00:00 ip-172-31-36-148 kernel: Spectre V1 : Mitigation: usercopy/swapgs barriers and __user pointer sanitization
2026-03-02T06:54:59.755210+00:00 ip-172-31-36-148 kernel: Spectre V2 : Mitigation: Retpolines
2026-03-02T06:54:59.755211+00:00 ip-172-31-36-148 kernel: Spectre V2 : Spectre v2 / SpectreRSB: Filling RSB on context switch and VMEXIT
2026-03-02T06:54:59.755211+00:00 ip-172-31-36-148 kernel: RETBleed: WARNING: Spectre v2 mitigation leaves CPU vulnerable to RETBleed attacks, data leaks possible!
2026-03-02T06:54:59.755212+00:00 ip-172-31-36-148 kernel: RETBleed: Vulnerable
2026-03-02T06:54:59.755216+00:00 ip-172-31-36-148 kernel: Speculative Store Bypass: Vulnerable
2026-03-02T06:54:59.755216+00:00 ip-172-31-36-148 kernel: MDS: Vulnerable: Clear CPU buffers attempted, no microcode
2026-03-02T06:54:59.755217+00:00 ip-172-31-36-148 kernel: MMIO Stale Data: Vulnerable: Clear CPU buffers attempted, no microcode
2026-03-02T06:54:59.755218+00:00 ip-172-31-36-148 kernel: GDS: Unknown: Dependent on hypervisor status
2026-03-02T06:54:59.755218+00:00 ip-172-31-36-148 kernel: ITS: Mitigation: Aligned branch/return thunks
2026-03-02T06:54:59.755219+00:00 ip-172-31-36-148 kernel: x86/fpu: Supporting XSAVE feature 0x001: 'x87 floating point registers'
2026-03-02T06:54:59.755220+00:00 ip-172-31-36-148 kernel: x86/fpu: Supporting XSAVE feature 0x002: 'SSE registers'
2026-03-02T06:54:59.755223+00:00 ip-172-31-36-148 kernel: x86/fpu: Supporting XSAVE feature 0x004: 'AVX registers'
2026-03-02T06:54:59.755224+00:00 ip-172-31-36-148 kernel: x86/fpu: Supporting XSAVE feature 0x008: 'MPX bounds registers'
2026-03-02T06:54:59.755225+00:00 ip-172-31-36-148 kernel: x86/fpu: Supporting XSAVE feature 0x010: 'MPX CSR'
2026-03-02T06:54:59.755225+00:00 ip-172-31-36-148 kernel: x86/fpu: Supporting XSAVE feature 0x020: 'AVX-512 opmask'
2026-03-02T06:54:59.755226+00:00 ip-172-31-36-148 kernel: x86/fpu: Supporting XSAVE feature 0x040: 'AVX-512 Hi256'
2026-03-02T06:54:59.755227+00:00 ip-172-31-36-148 kernel: x86/fpu: Supporting XSAVE feature 0x080: 'AVX-512 ZMM_Hi256'
2026-03-02T06:54:59.755230+00:00 ip-172-31-36-148 kernel: x86/fpu: Supporting XSAVE feature 0x200: 'Protection Keys User registers'
2026-03-02T06:54:59.755230+00:00 ip-172-31-36-148 kernel: x86/fpu: xstate_offset[2]:  576, xstate_sizes[2]:  256
2026-03-02T06:54:59.755231+00:00 ip-172-31-36-148 kernel: x86/fpu: xstate_offset[3]:  832, xstate_sizes[3]:   64
2026-03-02T06:54:59.755232+00:00 ip-172-31-36-148 kernel: x86/fpu: xstate_offset[4]:  896, xstate_sizes[4]:   64
2026-03-02T06:54:59.755233+00:00 ip-172-31-36-148 kernel: x86/fpu: xstate_offset[5]:  960, xstate_sizes[5]:   64
2026-03-02T06:54:59.755233+00:00 ip-172-31-36-148 kernel: x86/fpu: xstate_offset[6]: 1024, xstate_sizes[6]:  512
2026-03-02T06:54:59.755234+00:00 ip-172-31-36-148 kernel: x86/fpu: xstate_offset[7]: 1536, xstate_sizes[7]: 1024
2026-03-02T06:54:59.755242+00:00 ip-172-31-36-148 kernel: x86/fpu: xstate_offset[9]: 2560, xstate_sizes[9]:    8
2026-03-02T06:54:59.755243+00:00 ip-172-31-36-148 kernel: x86/fpu: Enabled xstate features 0x2ff, context size is 2568 bytes, using 'compacted' format.
2026-03-02T06:54:59.755243+00:00 ip-172-31-36-148 kernel: Freeing SMP alternatives memory: 48K
2026-03-02T06:54:59.755244+00:00 ip-172-31-36-148 kernel: pid_max: default: 32768 minimum: 301
2026-03-02T06:54:59.755245+00:00 ip-172-31-36-148 kernel: LSM: initializing lsm=lockdown,capability,landlock,yama,apparmor,ima,evm
2026-03-02T06:54:59.755245+00:00 ip-172-31-36-148 kernel: landlock: Up and running.
2026-03-02T06:54:59.755249+00:00 ip-172-31-36-148 kernel: Yama: becoming mindful.
2026-03-02T06:54:59.755249+00:00 ip-172-31-36-148 kernel: AppArmor: AppArmor initialized
2026-03-02T06:54:59.755250+00:00 ip-172-31-36-148 kernel: Mount-cache hash table entries: 2048 (order: 2, 16384 bytes, linear)
2026-03-02T06:54:59.755251+00:00 ip-172-31-36-148 kernel: Mountpoint-cache hash table entries: 2048 (order: 2, 16384 bytes, linear)
2026-03-02T06:54:59.755252+00:00 ip-172-31-36-148 kernel: smpboot: CPU0: Intel(R) Xeon(R) Platinum 8259CL CPU @ 2.50GHz (family: 0x6, model: 0x55, stepping: 0x7)
2026-03-02T06:54:59.755252+00:00 ip-172-31-36-148 kernel: Performance Events: unsupported p6 CPU model 85 no PMU driver, software events only.
2026-03-02T06:54:59.755256+00:00 ip-172-31-36-148 kernel: signal: max sigframe size: 3632
2026-03-02T06:54:59.755256+00:00 ip-172-31-36-148 kernel: rcu: Hierarchical SRCU implementation.
2026-03-02T06:54:59.755257+00:00 ip-172-31-36-148 kernel: rcu: 	Max phase no-delay instances is 400.
2026-03-02T06:54:59.755258+00:00 ip-172-31-36-148 kernel: Timer migration: 1 hierarchy levels; 8 children per group; 1 crossnode level
2026-03-02T06:54:59.755258+00:00 ip-172-31-36-148 kernel: NMI watchdog: Perf NMI watchdog permanently disabled
2026-03-02T06:54:59.755259+00:00 ip-172-31-36-148 kernel: smp: Bringing up secondary CPUs ...
2026-03-02T06:54:59.755260+00:00 ip-172-31-36-148 kernel: smpboot: x86: Booting SMP configuration:
2026-03-02T06:54:59.755268+00:00 ip-172-31-36-148 kernel: .... node  #0, CPUs:      #1
2026-03-02T06:54:59.755268+00:00 ip-172-31-36-148 kernel: MDS CPU bug present and SMT on, data leak possible. See https://www.kernel.org/doc/html/latest/admin-guide/hw-vuln/mds.html for more details.
2026-03-02T06:54:59.755269+00:00 ip-172-31-36-148 kernel: MMIO Stale Data CPU bug present and SMT on, data leak possible. See https://www.kernel.org/doc/html/latest/admin-guide/hw-vuln/processor_mmio_stale_data.html for more details.
2026-03-02T06:54:59.755270+00:00 ip-172-31-36-148 kernel: smp: Brought up 1 node, 2 CPUs
2026-03-02T06:54:59.755270+00:00 ip-172-31-36-148 kernel: smpboot: Total of 2 processors activated (9999.96 BogoMIPS)
2026-03-02T06:54:59.755273+00:00 ip-172-31-36-148 kernel: Memory: 906484K/999468K available (21452K kernel code, 4579K rwdata, 15128K rodata, 5252K init, 4312K bss, 85888K reserved, 0K cma-reserved)
2026-03-02T06:54:59.755277+00:00 ip-172-31-36-148 kernel: devtmpfs: initialized
2026-03-02T06:54:59.755277+00:00 ip-172-31-36-148 kernel: x86/mm: Memory block size: 128MB
2026-03-02T06:54:59.755366+00:00 ip-172-31-36-148 kernel: ACPI: PM: Registering ACPI NVS region [mem 0x3935e000-0x393ddfff] (524288 bytes)
2026-03-02T06:54:59.755368+00:00 ip-172-31-36-148 kernel: clocksource: jiffies: mask: 0xffffffff max_cycles: 0xffffffff, max_idle_ns: 1911260446275000 ns
2026-03-02T06:54:59.755368+00:00 ip-172-31-36-148 kernel: futex hash table entries: 512 (order: 3, 32768 bytes, linear)
2026-03-02T06:54:59.755369+00:00 ip-172-31-36-148 kernel: pinctrl core: initialized pinctrl subsystem
2026-03-02T06:54:59.755375+00:00 ip-172-31-36-148 kernel: PM: RTC time: 06:54:48, date: 2026-03-02
2026-03-02T06:54:59.755376+00:00 ip-172-31-36-148 kernel: NET: Registered PF_NETLINK/PF_ROUTE protocol family
2026-03-02T06:54:59.755377+00:00 ip-172-31-36-148 kernel: DMA: preallocated 128 KiB GFP_KERNEL pool for atomic allocations
2026-03-02T06:54:59.755377+00:00 ip-172-31-36-148 kernel: DMA: preallocated 128 KiB GFP_KERNEL|GFP_DMA pool for atomic allocations
2026-03-02T06:54:59.755378+00:00 ip-172-31-36-148 kernel: DMA: preallocated 128 KiB GFP_KERNEL|GFP_DMA32 pool for atomic allocations
2026-03-02T06:54:59.755379+00:00 ip-172-31-36-148 kernel: audit: initializing netlink subsys (disabled)
2026-03-02T06:54:59.755384+00:00 ip-172-31-36-148 kernel: audit: type=2000 audit(1772434488.466:1): state=initialized audit_enabled=0 res=1
2026-03-02T06:54:59.755385+00:00 ip-172-31-36-148 kernel: thermal_sys: Registered thermal governor 'fair_share'
2026-03-02T06:54:59.755385+00:00 ip-172-31-36-148 kernel: thermal_sys: Registered thermal governor 'bang_bang'
2026-03-02T06:54:59.755386+00:00 ip-172-31-36-148 kernel: thermal_sys: Registered thermal governor 'step_wise'
2026-03-02T06:54:59.755387+00:00 ip-172-31-36-148 kernel: thermal_sys: Registered thermal governor 'user_space'
2026-03-02T06:54:59.755387+00:00 ip-172-31-36-148 kernel: thermal_sys: Registered thermal governor 'power_allocator'
2026-03-02T06:54:59.755393+00:00 ip-172-31-36-148 kernel: cpuidle: using governor ladder
2026-03-02T06:54:59.755393+00:00 ip-172-31-36-148 kernel: cpuidle: using governor menu
2026-03-02T06:54:59.755394+00:00 ip-172-31-36-148 kernel: acpiphp: ACPI Hot Plug PCI Controller Driver version: 0.5
2026-03-02T06:54:59.755395+00:00 ip-172-31-36-148 kernel: PCI: Using configuration type 1 for base access
2026-03-02T06:54:59.755395+00:00 ip-172-31-36-148 kernel: kprobes: kprobe jump-optimization is enabled. All kprobes are optimized if possible.
2026-03-02T06:54:59.755396+00:00 ip-172-31-36-148 kernel: HugeTLB: registered 1.00 GiB page size, pre-allocated 0 pages
2026-03-02T06:54:59.755397+00:00 ip-172-31-36-148 kernel: HugeTLB: 16380 KiB vmemmap can be freed for a 1.00 GiB page
2026-03-02T06:54:59.755402+00:00 ip-172-31-36-148 kernel: HugeTLB: registered 2.00 MiB page size, pre-allocated 0 pages
2026-03-02T06:54:59.755403+00:00 ip-172-31-36-148 kernel: HugeTLB: 28 KiB vmemmap can be freed for a 2.00 MiB page
2026-03-02T06:54:59.755404+00:00 ip-172-31-36-148 kernel: fbcon: Taking over console
2026-03-02T06:54:59.755404+00:00 ip-172-31-36-148 kernel: ACPI: Added _OSI(Module Device)
2026-03-02T06:54:59.755405+00:00 ip-172-31-36-148 kernel: ACPI: Added _OSI(Processor Device)
2026-03-02T06:54:59.755405+00:00 ip-172-31-36-148 kernel: ACPI: Added _OSI(Processor Aggregator Device)
2026-03-02T06:54:59.755411+00:00 ip-172-31-36-148 kernel: ACPI: 3 ACPI AML tables successfully acquired and loaded
2026-03-02T06:54:59.755411+00:00 ip-172-31-36-148 kernel: ACPI: Interpreter enabled
2026-03-02T06:54:59.755412+00:00 ip-172-31-36-148 kernel: ACPI: PM: (supports S0 S4 S5)
2026-03-02T06:54:59.755413+00:00 ip-172-31-36-148 kernel: ACPI: Using IOAPIC for interrupt routing
2026-03-02T06:54:59.755413+00:00 ip-172-31-36-148 kernel: PCI: Using host bridge windows from ACPI; if necessary, use "pci=nocrs" and report a bug
2026-03-02T06:54:59.755414+00:00 ip-172-31-36-148 kernel: PCI: Using E820 reservations for host bridge windows
2026-03-02T06:54:59.755415+00:00 ip-172-31-36-148 kernel: ACPI: Enabled 2 GPEs in block 00 to 0F
2026-03-02T06:54:59.755420+00:00 ip-172-31-36-148 kernel: ACPI: PCI Root Bridge [PCI0] (domain 0000 [bus 00-ff])
2026-03-02T06:54:59.755420+00:00 ip-172-31-36-148 kernel: acpi PNP0A03:00: _OSC: OS supports [ASPM ClockPM Segments MSI EDR HPX-Type3]
2026-03-02T06:54:59.755421+00:00 ip-172-31-36-148 kernel: acpi PNP0A03:00: _OSC: not requesting OS control; OS requires [ExtendedConfig ASPM ClockPM MSI]
2026-03-02T06:54:59.755422+00:00 ip-172-31-36-148 kernel: acpi PNP0A03:00: fail to add MMCONFIG information, can't access extended configuration space under this bridge
2026-03-02T06:54:59.755422+00:00 ip-172-31-36-148 kernel: acpiphp: Slot [3] registered
2026-03-02T06:54:59.755423+00:00 ip-172-31-36-148 kernel: acpiphp: Slot [4] registered
2026-03-02T06:54:59.755428+00:00 ip-172-31-36-148 kernel: acpiphp: Slot [5] registered
2026-03-02T06:54:59.755429+00:00 ip-172-31-36-148 kernel: acpiphp: Slot [6] registered
2026-03-02T06:54:59.755430+00:00 ip-172-31-36-148 kernel: acpiphp: Slot [7] registered
2026-03-02T06:54:59.755430+00:00 ip-172-31-36-148 kernel: acpiphp: Slot [8] registered
2026-03-02T06:54:59.755431+00:00 ip-172-31-36-148 kernel: acpiphp: Slot [9] registered
2026-03-02T06:54:59.755432+00:00 ip-172-31-36-148 kernel: acpiphp: Slot [10] registered
2026-03-02T06:54:59.755437+00:00 ip-172-31-36-148 kernel: acpiphp: Slot [11] registered
2026-03-02T06:54:59.755438+00:00 ip-172-31-36-148 kernel: acpiphp: Slot [12] registered
2026-03-02T06:54:59.755439+00:00 ip-172-31-36-148 kernel: acpiphp: Slot [13] registered
2026-03-02T06:54:59.755439+00:00 ip-172-31-36-148 kernel: acpiphp: Slot [14] registered
2026-03-02T06:54:59.755440+00:00 ip-172-31-36-148 kernel: acpiphp: Slot [15] registered
2026-03-02T06:54:59.755441+00:00 ip-172-31-36-148 kernel: acpiphp: Slot [16] registered
2026-03-02T06:54:59.755441+00:00 ip-172-31-36-148 kernel: acpiphp: Slot [17] registered
2026-03-02T06:54:59.755447+00:00 ip-172-31-36-148 kernel: acpiphp: Slot [18] registered
2026-03-02T06:54:59.755448+00:00 ip-172-31-36-148 kernel: acpiphp: Slot [19] registered
2026-03-02T06:54:59.755448+00:00 ip-172-31-36-148 kernel: acpiphp: Slot [20] registered
2026-03-02T06:54:59.755449+00:00 ip-172-31-36-148 kernel: acpiphp: Slot [21] registered
2026-03-02T06:54:59.755449+00:00 ip-172-31-36-148 kernel: acpiphp: Slot [22] registered
2026-03-02T06:54:59.755450+00:00 ip-172-31-36-148 kernel: acpiphp: Slot [23] registered
2026-03-02T06:54:59.755455+00:00 ip-172-31-36-148 kernel: acpiphp: Slot [24] registered
2026-03-02T06:54:59.755456+00:00 ip-172-31-36-148 kernel: acpiphp: Slot [25] registered
2026-03-02T06:54:59.755456+00:00 ip-172-31-36-148 kernel: acpiphp: Slot [26] registered
2026-03-02T06:54:59.755457+00:00 ip-172-31-36-148 kernel: acpiphp: Slot [27] registered
2026-03-02T06:54:59.755458+00:00 ip-172-31-36-148 kernel: acpiphp: Slot [28] registered
2026-03-02T06:54:59.755458+00:00 ip-172-31-36-148 kernel: acpiphp: Slot [29] registered
2026-03-02T06:54:59.755464+00:00 ip-172-31-36-148 kernel: acpiphp: Slot [30] registered
2026-03-02T06:54:59.755465+00:00 ip-172-31-36-148 kernel: acpiphp: Slot [31] registered
2026-03-02T06:54:59.755465+00:00 ip-172-31-36-148 kernel: PCI host bridge to bus 0000:00
2026-03-02T06:54:59.755466+00:00 ip-172-31-36-148 kernel: pci_bus 0000:00: root bus resource [io  0x0000-0x0cf7 window]
2026-03-02T06:54:59.755467+00:00 ip-172-31-36-148 kernel: pci_bus 0000:00: root bus resource [io  0x0d00-0xffff window]
2026-03-02T06:54:59.755467+00:00 ip-172-31-36-148 kernel: pci_bus 0000:00: root bus resource [mem 0x000a0000-0x000bffff window]
2026-03-02T06:54:59.755468+00:00 ip-172-31-36-148 kernel: pci_bus 0000:00: root bus resource [mem 0x80000000-0xfebfffff window]
2026-03-02T06:54:59.755473+00:00 ip-172-31-36-148 kernel: pci_bus 0000:00: root bus resource [mem 0x100000000-0x2000ffffffff window]
2026-03-02T06:54:59.755474+00:00 ip-172-31-36-148 kernel: pci_bus 0000:00: root bus resource [bus 00-ff]
2026-03-02T06:54:59.755475+00:00 ip-172-31-36-148 kernel: pci 0000:00:00.0: [8086:1237] type 00 class 0x060000 conventional PCI endpoint
2026-03-02T06:54:59.755475+00:00 ip-172-31-36-148 kernel: pci 0000:00:01.0: [8086:7000] type 00 class 0x060100 conventional PCI endpoint
2026-03-02T06:54:59.755476+00:00 ip-172-31-36-148 kernel: pci 0000:00:01.3: [8086:7113] type 00 class 0x000000 conventional PCI endpoint
2026-03-02T06:54:59.755477+00:00 ip-172-31-36-148 kernel: pci 0000:00:01.3: quirk: [io  0xb000-0xb03f] claimed by PIIX4 ACPI
2026-03-02T06:54:59.755482+00:00 ip-172-31-36-148 kernel: pci 0000:00:01.3: PIIX4 devres E PIO at fff0-ffff
2026-03-02T06:54:59.755483+00:00 ip-172-31-36-148 kernel: pci 0000:00:01.3: PIIX4 devres F MMIO at ffc00000-ffffffff
2026-03-02T06:54:59.755484+00:00 ip-172-31-36-148 kernel: pci 0000:00:01.3: PIIX4 devres G PIO at fff0-ffff
2026-03-02T06:54:59.755484+00:00 ip-172-31-36-148 kernel: pci 0000:00:01.3: PIIX4 devres H MMIO at ffc00000-ffffffff
2026-03-02T06:54:59.755485+00:00 ip-172-31-36-148 kernel: pci 0000:00:01.3: PIIX4 devres I PIO at fff0-ffff
2026-03-02T06:54:59.755486+00:00 ip-172-31-36-148 kernel: pci 0000:00:01.3: PIIX4 devres J PIO at fff0-ffff
2026-03-02T06:54:59.755486+00:00 ip-172-31-36-148 kernel: pci 0000:00:03.0: [1d0f:1111] type 00 class 0x030000 conventional PCI endpoint
2026-03-02T06:54:59.755492+00:00 ip-172-31-36-148 kernel: pci 0000:00:03.0: BAR 0 [mem 0x80000000-0x803fffff pref]
2026-03-02T06:54:59.755492+00:00 ip-172-31-36-148 kernel: pci 0000:00:03.0: ROM [mem 0xffff0000-0xffffffff pref]
2026-03-02T06:54:59.755493+00:00 ip-172-31-36-148 kernel: pci 0000:00:03.0: Video device with shadowed ROM at [mem 0x000c0000-0x000dffff]
2026-03-02T06:54:59.755494+00:00 ip-172-31-36-148 kernel: pci 0000:00:04.0: [1d0f:8061] type 00 class 0x010802 PCIe Endpoint
2026-03-02T06:54:59.755494+00:00 ip-172-31-36-148 kernel: pci 0000:00:04.0: BAR 0 [mem 0x80404000-0x80407fff]
2026-03-02T06:54:59.755495+00:00 ip-172-31-36-148 kernel: pci 0000:00:05.0: [1d0f:ec20] type 00 class 0x020000 PCIe Endpoint
2026-03-02T06:54:59.755500+00:00 ip-172-31-36-148 kernel: pci 0000:00:05.0: BAR 0 [mem 0x80400000-0x80403fff]
2026-03-02T06:54:59.755501+00:00 ip-172-31-36-148 kernel: ACPI: PCI: Interrupt link LNKA configured for IRQ 10
2026-03-02T06:54:59.755502+00:00 ip-172-31-36-148 kernel: ACPI: PCI: Interrupt link LNKB configured for IRQ 10
2026-03-02T06:54:59.755502+00:00 ip-172-31-36-148 kernel: ACPI: PCI: Interrupt link LNKC configured for IRQ 11
2026-03-02T06:54:59.755503+00:00 ip-172-31-36-148 kernel: ACPI: PCI: Interrupt link LNKD configured for IRQ 11
2026-03-02T06:54:59.755504+00:00 ip-172-31-36-148 kernel: ACPI: PCI: Interrupt link LNKS configured for IRQ 9
2026-03-02T06:54:59.755509+00:00 ip-172-31-36-148 kernel: iommu: Default domain type: Translated
2026-03-02T06:54:59.755510+00:00 ip-172-31-36-148 kernel: iommu: DMA domain TLB invalidation policy: lazy mode
2026-03-02T06:54:59.755510+00:00 ip-172-31-36-148 kernel: SCSI subsystem initialized
2026-03-02T06:54:59.755511+00:00 ip-172-31-36-148 kernel: libata version 3.00 loaded.
2026-03-02T06:54:59.755512+00:00 ip-172-31-36-148 kernel: ACPI: bus type USB registered
2026-03-02T06:54:59.755512+00:00 ip-172-31-36-148 kernel: usbcore: registered new interface driver usbfs
2026-03-02T06:54:59.755513+00:00 ip-172-31-36-148 kernel: usbcore: registered new interface driver hub
2026-03-02T06:54:59.755518+00:00 ip-172-31-36-148 kernel: usbcore: registered new device driver usb
2026-03-02T06:54:59.755519+00:00 ip-172-31-36-148 kernel: pps_core: LinuxPPS API ver. 1 registered
2026-03-02T06:54:59.755520+00:00 ip-172-31-36-148 kernel: pps_core: Software ver. 5.3.6 - Copyright 2005-2007 Rodolfo Giometti <giometti@linux.it>
2026-03-02T06:54:59.755520+00:00 ip-172-31-36-148 kernel: PTP clock support registered
2026-03-02T06:54:59.755521+00:00 ip-172-31-36-148 kernel: EDAC MC: Ver: 3.0.0
2026-03-02T06:54:59.755522+00:00 ip-172-31-36-148 kernel: efivars: Registered efivars operations
2026-03-02T06:54:59.755527+00:00 ip-172-31-36-148 kernel: NetLabel: Initializing
2026-03-02T06:54:59.755528+00:00 ip-172-31-36-148 kernel: NetLabel:  domain hash size = 128
2026-03-02T06:54:59.755529+00:00 ip-172-31-36-148 kernel: NetLabel:  protocols = UNLABELED CIPSOv4 CALIPSO
2026-03-02T06:54:59.755529+00:00 ip-172-31-36-148 kernel: NetLabel:  unlabeled traffic allowed by default
2026-03-02T06:54:59.755530+00:00 ip-172-31-36-148 kernel: mctp: management component transport protocol core
2026-03-02T06:54:59.755530+00:00 ip-172-31-36-148 kernel: NET: Registered PF_MCTP protocol family
2026-03-02T06:54:59.755531+00:00 ip-172-31-36-148 kernel: PCI: Using ACPI for IRQ routing
2026-03-02T06:54:59.755536+00:00 ip-172-31-36-148 kernel: PCI: pci_cache_line_size set to 64 bytes
2026-03-02T06:54:59.755537+00:00 ip-172-31-36-148 kernel: e820: reserve RAM buffer [mem 0x3728d018-0x37ffffff]
2026-03-02T06:54:59.755625+00:00 ip-172-31-36-148 kernel: e820: reserve RAM buffer [mem 0x3734b000-0x37ffffff]
2026-03-02T06:54:59.755626+00:00 ip-172-31-36-148 kernel: e820: reserve RAM buffer [mem 0x390ce000-0x3bffffff]
2026-03-02T06:54:59.755626+00:00 ip-172-31-36-148 kernel: e820: reserve RAM buffer [mem 0x3d37c000-0x3fffffff]
2026-03-02T06:54:59.755627+00:00 ip-172-31-36-148 kernel: pci 0000:00:03.0: vgaarb: setting as boot VGA device
2026-03-02T06:54:59.755633+00:00 ip-172-31-36-148 kernel: pci 0000:00:03.0: vgaarb: bridge control possible
2026-03-02T06:54:59.755633+00:00 ip-172-31-36-148 kernel: pci 0000:00:03.0: vgaarb: VGA device added: decodes=io+mem,owns=io+mem,locks=none
2026-03-02T06:54:59.755637+00:00 ip-172-31-36-148 kernel: vgaarb: loaded
2026-03-02T06:54:59.755638+00:00 ip-172-31-36-148 kernel: hpet0: at MMIO 0xfed00000, IRQs 2, 8, 0, 0, 0, 0, 0, 0
2026-03-02T06:54:59.755638+00:00 ip-172-31-36-148 kernel: hpet0: 8 comparators, 32-bit 62.500000 MHz counter
2026-03-02T06:54:59.755639+00:00 ip-172-31-36-148 kernel: clocksource: Switched to clocksource kvm-clock
2026-03-02T06:54:59.755644+00:00 ip-172-31-36-148 kernel: VFS: Disk quotas dquot_6.6.0
2026-03-02T06:54:59.755645+00:00 ip-172-31-36-148 kernel: VFS: Dquot-cache hash table entries: 512 (order 0, 4096 bytes)
2026-03-02T06:54:59.755646+00:00 ip-172-31-36-148 kernel: AppArmor: AppArmor Filesystem Enabled
2026-03-02T06:54:59.755647+00:00 ip-172-31-36-148 kernel: pnp: PnP ACPI init
2026-03-02T06:54:59.755647+00:00 ip-172-31-36-148 kernel: pnp: PnP ACPI: found 5 devices
2026-03-02T06:54:59.755648+00:00 ip-172-31-36-148 kernel: clocksource: acpi_pm: mask: 0xffffff max_cycles: 0xffffff, max_idle_ns: 2085701024 ns
2026-03-02T06:54:59.755649+00:00 ip-172-31-36-148 kernel: NET: Registered PF_INET protocol family
2026-03-02T06:54:59.755654+00:00 ip-172-31-36-148 kernel: IP idents hash table entries: 16384 (order: 5, 131072 bytes, linear)
2026-03-02T06:54:59.755655+00:00 ip-172-31-36-148 kernel: tcp_listen_portaddr_hash hash table entries: 512 (order: 1, 8192 bytes, linear)
2026-03-02T06:54:59.755655+00:00 ip-172-31-36-148 kernel: Table-perturb hash table entries: 65536 (order: 6, 262144 bytes, linear)
2026-03-02T06:54:59.755656+00:00 ip-172-31-36-148 kernel: TCP established hash table entries: 8192 (order: 4, 65536 bytes, linear)
2026-03-02T06:54:59.755657+00:00 ip-172-31-36-148 kernel: TCP bind hash table entries: 8192 (order: 6, 262144 bytes, linear)
2026-03-02T06:54:59.755657+00:00 ip-172-31-36-148 kernel: TCP: Hash tables configured (established 8192 bind 8192)
2026-03-02T06:54:59.755663+00:00 ip-172-31-36-148 kernel: MPTCP token hash table entries: 1024 (order: 2, 24576 bytes, linear)
2026-03-02T06:54:59.755663+00:00 ip-172-31-36-148 kernel: UDP hash table entries: 512 (order: 3, 32768 bytes, linear)
2026-03-02T06:54:59.755664+00:00 ip-172-31-36-148 kernel: UDP-Lite hash table entries: 512 (order: 3, 32768 bytes, linear)
2026-03-02T06:54:59.755665+00:00 ip-172-31-36-148 kernel: NET: Registered PF_UNIX/PF_LOCAL protocol family
2026-03-02T06:54:59.755665+00:00 ip-172-31-36-148 kernel: NET: Registered PF_XDP protocol family
2026-03-02T06:54:59.755666+00:00 ip-172-31-36-148 kernel: pci_bus 0000:00: resource 4 [io  0x0000-0x0cf7 window]
2026-03-02T06:54:59.755667+00:00 ip-172-31-36-148 kernel: pci_bus 0000:00: resource 5 [io  0x0d00-0xffff window]
2026-03-02T06:54:59.755672+00:00 ip-172-31-36-148 kernel: pci_bus 0000:00: resource 6 [mem 0x000a0000-0x000bffff window]
2026-03-02T06:54:59.755673+00:00 ip-172-31-36-148 kernel: pci_bus 0000:00: resource 7 [mem 0x80000000-0xfebfffff window]
2026-03-02T06:54:59.755673+00:00 ip-172-31-36-148 kernel: pci_bus 0000:00: resource 8 [mem 0x100000000-0x2000ffffffff window]
2026-03-02T06:54:59.755674+00:00 ip-172-31-36-148 kernel: pci 0000:00:00.0: Limiting direct PCI/PCI transfers
2026-03-02T06:54:59.755675+00:00 ip-172-31-36-148 kernel: PCI: CLS 0 bytes, default 64
2026-03-02T06:54:59.755675+00:00 ip-172-31-36-148 kernel: clocksource: tsc: mask: 0xffffffffffffffff max_cycles: 0x24093255d7c, max_idle_ns: 440795319144 ns
2026-03-02T06:54:59.755680+00:00 ip-172-31-36-148 kernel: Trying to unpack rootfs image as initramfs...
2026-03-02T06:54:59.755681+00:00 ip-172-31-36-148 kernel: clocksource: Switched to clocksource tsc
2026-03-02T06:54:59.755682+00:00 ip-172-31-36-148 kernel: Freeing initrd memory: 12964K
2026-03-02T06:54:59.755683+00:00 ip-172-31-36-148 kernel: Initialise system trusted keyrings
2026-03-02T06:54:59.755683+00:00 ip-172-31-36-148 kernel: Key type blacklist registered
2026-03-02T06:54:59.755684+00:00 ip-172-31-36-148 kernel: workingset: timestamp_bits=36 max_order=18 bucket_order=0
2026-03-02T06:54:59.755693+00:00 ip-172-31-36-148 kernel: zbud: loaded
2026-03-02T06:54:59.755694+00:00 ip-172-31-36-148 kernel: squashfs: version 4.0 (2009/01/31) Phillip Lougher
2026-03-02T06:54:59.755695+00:00 ip-172-31-36-148 kernel: fuse: init (API version 7.42)
2026-03-02T06:54:59.755695+00:00 ip-172-31-36-148 kernel: integrity: Platform Keyring initialized
2026-03-02T06:54:59.755696+00:00 ip-172-31-36-148 kernel: integrity: Machine keyring initialized
2026-03-02T06:54:59.755697+00:00 ip-172-31-36-148 kernel: Key type asymmetric registered
2026-03-02T06:54:59.755697+00:00 ip-172-31-36-148 kernel: Asymmetric key parser 'x509' registered
2026-03-02T06:54:59.755703+00:00 ip-172-31-36-148 kernel: Block layer SCSI generic (bsg) driver version 0.4 loaded (major 243)
2026-03-02T06:54:59.755704+00:00 ip-172-31-36-148 kernel: io scheduler mq-deadline registered
2026-03-02T06:54:59.755704+00:00 ip-172-31-36-148 kernel: ledtrig-cpu: registered to indicate activity on CPUs
2026-03-02T06:54:59.755705+00:00 ip-172-31-36-148 kernel: shpchp: Standard Hot Plug PCI Controller Driver version: 0.4
2026-03-02T06:54:59.755706+00:00 ip-172-31-36-148 kernel: input: Power Button as /devices/LNXSYSTM:00/LNXPWRBN:00/input/input0
2026-03-02T06:54:59.755706+00:00 ip-172-31-36-148 kernel: ACPI: button: Power Button [PWRF]
2026-03-02T06:54:59.755712+00:00 ip-172-31-36-148 kernel: input: Sleep Button as /devices/LNXSYSTM:00/LNXSLPBN:00/input/input1
2026-03-02T06:54:59.755712+00:00 ip-172-31-36-148 kernel: ACPI: button: Sleep Button [SLPF]
2026-03-02T06:54:59.755713+00:00 ip-172-31-36-148 kernel: Serial: 8250/16550 driver, 4 ports, IRQ sharing enabled
2026-03-02T06:54:59.755714+00:00 ip-172-31-36-148 kernel: 00:04: ttyS0 at I/O 0x3f8 (irq = 4, base_baud = 115200) is a 16550A
2026-03-02T06:54:59.755714+00:00 ip-172-31-36-148 kernel: Linux agpgart interface v0.103
2026-03-02T06:54:59.755715+00:00 ip-172-31-36-148 kernel: loop: module loaded
2026-03-02T06:54:59.755716+00:00 ip-172-31-36-148 kernel: Key type psk registered
2026-03-02T06:54:59.755721+00:00 ip-172-31-36-148 kernel: ACPI: bus type drm_connector registered
2026-03-02T06:54:59.755722+00:00 ip-172-31-36-148 kernel: nvme nvme0: pci function 0000:00:04.0
2026-03-02T06:54:59.755722+00:00 ip-172-31-36-148 kernel: tun: Universal TUN/TAP device driver, 1.6
2026-03-02T06:54:59.755723+00:00 ip-172-31-36-148 kernel: ACPI: \_SB_.LNKD: Enabled at IRQ 11
2026-03-02T06:54:59.755724+00:00 ip-172-31-36-148 kernel: PPP generic driver version 2.4.2
2026-03-02T06:54:59.755724+00:00 ip-172-31-36-148 kernel: i8042: PNP: PS/2 Controller [PNP0303:KBD,PNP0f13:MOU] at 0x60,0x64 irq 1,12
2026-03-02T06:54:59.755730+00:00 ip-172-31-36-148 kernel: i8042: Warning: Keylock active
2026-03-02T06:54:59.755730+00:00 ip-172-31-36-148 kernel: serio: i8042 KBD port at 0x60,0x64 irq 1
2026-03-02T06:54:59.755731+00:00 ip-172-31-36-148 kernel: serio: i8042 AUX port at 0x60,0x64 irq 12
2026-03-02T06:54:59.755732+00:00 ip-172-31-36-148 kernel: mousedev: PS/2 mouse device common for all mice
2026-03-02T06:54:59.755732+00:00 ip-172-31-36-148 kernel: rtc_cmos 00:00: RTC can wake from S4
2026-03-02T06:54:59.755733+00:00 ip-172-31-36-148 kernel: nvme nvme0: 2/0/0 default/read/poll queues
2026-03-02T06:54:59.755738+00:00 ip-172-31-36-148 kernel: rtc_cmos 00:00: registered as rtc0
2026-03-02T06:54:59.755739+00:00 ip-172-31-36-148 kernel: rtc_cmos 00:00: setting system clock to 2026-03-02T06:54:48 UTC (1772434488)
2026-03-02T06:54:59.755740+00:00 ip-172-31-36-148 kernel: rtc_cmos 00:00: alarms up to one day, 114 bytes nvram
2026-03-02T06:54:59.755740+00:00 ip-172-31-36-148 kernel: i2c_dev: i2c /dev entries driver
2026-03-02T06:54:59.755741+00:00 ip-172-31-36-148 kernel: device-mapper: core: CONFIG_IMA_DISABLE_HTABLE is disabled. Duplicate IMA measurements will not be recorded in the IMA log.
2026-03-02T06:54:59.755742+00:00 ip-172-31-36-148 kernel: device-mapper: uevent: version 1.0.3
2026-03-02T06:54:59.755743+00:00 ip-172-31-36-148 kernel: device-mapper: ioctl: 4.49.0-ioctl (2025-01-17) initialised: dm-devel@lists.linux.dev
2026-03-02T06:54:59.755748+00:00 ip-172-31-36-148 kernel:  nvme0n1: p1 p14 p15 p16
2026-03-02T06:54:59.755749+00:00 ip-172-31-36-148 kernel: intel_pstate: CPU model not supported
2026-03-02T06:54:59.755750+00:00 ip-172-31-36-148 kernel: simple-framebuffer simple-framebuffer.0: [drm] Registered 1 planes with drm panic
2026-03-02T06:54:59.755750+00:00 ip-172-31-36-148 kernel: [drm] Initialized simpledrm 1.0.0 for simple-framebuffer.0 on minor 0
2026-03-02T06:54:59.755751+00:00 ip-172-31-36-148 kernel: Console: switching to colour frame buffer device 100x37
2026-03-02T06:54:59.755752+00:00 ip-172-31-36-148 kernel: simple-framebuffer simple-framebuffer.0: [drm] fb0: simpledrmdrmfb frame buffer device
2026-03-02T06:54:59.755757+00:00 ip-172-31-36-148 kernel: drop_monitor: Initializing network drop monitor service
2026-03-02T06:54:59.755758+00:00 ip-172-31-36-148 kernel: NET: Registered PF_INET6 protocol family
2026-03-02T06:54:59.755758+00:00 ip-172-31-36-148 kernel: Segment Routing with IPv6
2026-03-02T06:54:59.755759+00:00 ip-172-31-36-148 kernel: In-situ OAM (IOAM) with IPv6
2026-03-02T06:54:59.755759+00:00 ip-172-31-36-148 kernel: NET: Registered PF_PACKET protocol family
2026-03-02T06:54:59.755760+00:00 ip-172-31-36-148 kernel: Key type dns_resolver registered
2026-03-02T06:54:59.755765+00:00 ip-172-31-36-148 kernel: resctrl: No MBM correction factor available
2026-03-02T06:54:59.755766+00:00 ip-172-31-36-148 kernel: IPI shorthand broadcast: enabled
2026-03-02T06:54:59.755767+00:00 ip-172-31-36-148 kernel: sched_clock: Marking stable (527001820, 345224026)->(1453747604, -581521758)
2026-03-02T06:54:59.755767+00:00 ip-172-31-36-148 kernel: registered taskstats version 1
2026-03-02T06:54:59.755768+00:00 ip-172-31-36-148 kernel: Loading compiled-in X.509 certificates
2026-03-02T06:54:59.755769+00:00 ip-172-31-36-148 kernel: Loaded X.509 cert 'Build time autogenerated kernel key: 9faa1f57ed47fe357e2514dd776a6cdcaa72e94a'
2026-03-02T06:54:59.755769+00:00 ip-172-31-36-148 kernel: Loaded X.509 cert 'Canonical Ltd. Live Patch Signing 2025 Kmod: d541cef61dc7e793b7eb7e899970a2eef0b5dc8c'
2026-03-02T06:54:59.755775+00:00 ip-172-31-36-148 kernel: Loaded X.509 cert 'Canonical Ltd. Live Patch Signing: 14df34d1a87cf37625abec039ef2bf521249b969'
2026-03-02T06:54:59.755776+00:00 ip-172-31-36-148 kernel: Loaded X.509 cert 'Canonical Ltd. Kernel Module Signing: 88f752e560a1e0737e31163a466ad7b70a850c19'
2026-03-02T06:54:59.755776+00:00 ip-172-31-36-148 kernel: blacklist: Loading compiled-in revocation X.509 certificates
2026-03-02T06:54:59.755777+00:00 ip-172-31-36-148 kernel: Loaded X.509 cert 'Canonical Ltd. Secure Boot Signing: 61482aa2830d0ab2ad5af10b7250da9033ddcef0'
2026-03-02T06:54:59.755778+00:00 ip-172-31-36-148 kernel: Loaded X.509 cert 'Canonical Ltd. Secure Boot Signing (2017): 242ade75ac4a15e50d50c84b0d45ff3eae707a03'
2026-03-02T06:54:59.755778+00:00 ip-172-31-36-148 kernel: Loaded X.509 cert 'Canonical Ltd. Secure Boot Signing (ESM 2018): 365188c1d374d6b07c3c8f240f8ef722433d6a8b'
2026-03-02T06:54:59.755784+00:00 ip-172-31-36-148 kernel: Loaded X.509 cert 'Canonical Ltd. Secure Boot Signing (2019): c0746fd6c5da3ae827864651ad66ae47fe24b3e8'
2026-03-02T06:54:59.755784+00:00 ip-172-31-36-148 kernel: Loaded X.509 cert 'Canonical Ltd. Secure Boot Signing (2021 v1): a8d54bbb3825cfb94fa13c9f8a594a195c107b8d'
2026-03-02T06:54:59.755785+00:00 ip-172-31-36-148 kernel: Loaded X.509 cert 'Canonical Ltd. Secure Boot Signing (2021 v2): 4cf046892d6fd3c9a5b03f98d845f90851dc6a8c'
2026-03-02T06:54:59.755786+00:00 ip-172-31-36-148 kernel: Loaded X.509 cert 'Canonical Ltd. Secure Boot Signing (2021 v3): 100437bb6de6e469b581e61cd66bce3ef4ed53af'
2026-03-02T06:54:59.755867+00:00 ip-172-31-36-148 kernel: Loaded X.509 cert 'Canonical Ltd. Secure Boot Signing (Ubuntu Core 2019): c1d57b8f6b743f23ee41f4f7ee292f06eecadfb9'
2026-03-02T06:54:59.755873+00:00 ip-172-31-36-148 kernel: Demotion targets for Node 0: null
2026-03-02T06:54:59.755874+00:00 ip-172-31-36-148 kernel: Key type .fscrypt registered
2026-03-02T06:54:59.755875+00:00 ip-172-31-36-148 kernel: Key type fscrypt-provisioning registered
2026-03-02T06:54:59.755876+00:00 ip-172-31-36-148 kernel: Key type encrypted registered
2026-03-02T06:54:59.755876+00:00 ip-172-31-36-148 kernel: AppArmor: AppArmor sha256 policy hashing enabled
2026-03-02T06:54:59.755877+00:00 ip-172-31-36-148 kernel: ima: No TPM chip found, activating TPM-bypass!
2026-03-02T06:54:59.755882+00:00 ip-172-31-36-148 kernel: Loading compiled-in module X.509 certificates
2026-03-02T06:54:59.755883+00:00 ip-172-31-36-148 kernel: Loaded X.509 cert 'Build time autogenerated kernel key: 9faa1f57ed47fe357e2514dd776a6cdcaa72e94a'
2026-03-02T06:54:59.755884+00:00 ip-172-31-36-148 kernel: ima: Allocated hash algorithm: sha256
2026-03-02T06:54:59.755884+00:00 ip-172-31-36-148 kernel: ima: No architecture policies found
2026-03-02T06:54:59.755885+00:00 ip-172-31-36-148 kernel: evm: Initialising EVM extended attributes:
2026-03-02T06:54:59.755886+00:00 ip-172-31-36-148 kernel: evm: security.selinux
2026-03-02T06:54:59.755886+00:00 ip-172-31-36-148 kernel: evm: security.SMACK64
2026-03-02T06:54:59.755892+00:00 ip-172-31-36-148 kernel: evm: security.SMACK64EXEC
2026-03-02T06:54:59.755892+00:00 ip-172-31-36-148 kernel: evm: security.SMACK64TRANSMUTE
2026-03-02T06:54:59.755893+00:00 ip-172-31-36-148 kernel: evm: security.SMACK64MMAP
2026-03-02T06:54:59.755894+00:00 ip-172-31-36-148 kernel: evm: security.apparmor
2026-03-02T06:54:59.755894+00:00 ip-172-31-36-148 kernel: evm: security.ima
2026-03-02T06:54:59.755895+00:00 ip-172-31-36-148 kernel: evm: security.capability
2026-03-02T06:54:59.755900+00:00 ip-172-31-36-148 kernel: evm: HMAC attrs: 0x1
2026-03-02T06:54:59.755901+00:00 ip-172-31-36-148 kernel: PM:   Magic number: 2:655:922
2026-03-02T06:54:59.755902+00:00 ip-172-31-36-148 kernel: RAS: Correctable Errors collector initialized.
2026-03-02T06:54:59.755902+00:00 ip-172-31-36-148 kernel: clk: Disabling unused clocks
2026-03-02T06:54:59.766232+00:00 ip-172-31-36-148 kernel: PM: genpd: Disabling unused power domains
2026-03-02T06:54:59.766236+00:00 ip-172-31-36-148 kernel: input: AT Translated Set 2 keyboard as /devices/platform/i8042/serio0/input/input2
2026-03-02T06:54:59.766238+00:00 ip-172-31-36-148 kernel: md: Waiting for all devices to be available before autodetect
2026-03-02T06:54:59.766239+00:00 ip-172-31-36-148 kernel: md: If you don't use raid, use raid=noautodetect
2026-03-02T06:54:59.766240+00:00 ip-172-31-36-148 kernel: md: Autodetecting RAID arrays.
2026-03-02T06:54:59.766241+00:00 ip-172-31-36-148 kernel: md: autorun ...
2026-03-02T06:54:59.766242+00:00 ip-172-31-36-148 kernel: md: ... autorun DONE.
2026-03-02T06:54:59.766243+00:00 ip-172-31-36-148 kernel: EXT4-fs (nvme0n1p1): mounted filesystem f6fbc198-289f-487b-9a4c-c22e821c6c98 ro with ordered data mode. Quota mode: none.
2026-03-02T06:54:59.766244+00:00 ip-172-31-36-148 kernel: VFS: Mounted root (ext4 filesystem) readonly on device 259:1.
2026-03-02T06:54:59.766245+00:00 ip-172-31-36-148 kernel: devtmpfs: mounted
2026-03-02T06:54:59.766245+00:00 ip-172-31-36-148 kernel: Freeing unused decrypted memory: 2028K
2026-03-02T06:54:59.766246+00:00 ip-172-31-36-148 kernel: Freeing unused kernel image (initmem) memory: 5252K
2026-03-02T06:54:59.766247+00:00 ip-172-31-36-148 kernel: Write protecting the kernel read-only data: 38912k
2026-03-02T06:54:59.766248+00:00 ip-172-31-36-148 kernel: Freeing unused kernel image (text/rodata gap) memory: 1072K
2026-03-02T06:54:59.766248+00:00 ip-172-31-36-148 kernel: Freeing unused kernel image (rodata/data gap) memory: 1256K
2026-03-02T06:54:59.766250+00:00 ip-172-31-36-148 kernel: x86/mm: Checked W+X mappings: passed, no W+X pages found.
2026-03-02T06:54:59.766250+00:00 ip-172-31-36-148 kernel: x86/mm: Checking user space page tables
2026-03-02T06:54:59.766251+00:00 ip-172-31-36-148 kernel: x86/mm: Checked W+X mappings: passed, no W+X pages found.
2026-03-02T06:54:59.766252+00:00 ip-172-31-36-148 kernel: Run /sbin/init as init process
2026-03-02T06:54:59.766253+00:00 ip-172-31-36-148 kernel:   with arguments:
2026-03-02T06:54:59.766253+00:00 ip-172-31-36-148 kernel:     /sbin/init
2026-03-02T06:54:59.766254+00:00 ip-172-31-36-148 kernel:   with environment:
2026-03-02T06:54:59.766255+00:00 ip-172-31-36-148 kernel:     HOME=/
2026-03-02T06:54:59.766255+00:00 ip-172-31-36-148 kernel:     TERM=linux
2026-03-02T06:54:59.766256+00:00 ip-172-31-36-148 kernel:     BOOT_IMAGE=/vmlinuz-6.14.0-1018-aws
2026-03-02T06:54:59.766257+00:00 ip-172-31-36-148 kernel: systemd[1]: Inserted module 'autofs4'
2026-03-02T06:54:59.766258+00:00 ip-172-31-36-148 kernel: systemd[1]: systemd 255.4-1ubuntu8.11 running in system mode (+PAM +AUDIT +SELINUX +APPARMOR +IMA +SMACK +SECCOMP +GCRYPT -GNUTLS +OPENSSL +ACL +BLKID +CURL +ELFUTILS +FIDO2 +IDN2 -IDN +IPTC +KMOD +LIBCRYPTSETUP +LIBFDISK +PCRE2 -PWQUALITY +P11KIT +QRENCODE +TPM2 +BZIP2 +LZ4 +XZ +ZLIB +ZSTD -BPF_FRAMEWORK -XKBCOMMON +UTMP +SYSVINIT default-hierarchy=unified)
2026-03-02T06:54:59.766259+00:00 ip-172-31-36-148 kernel: systemd[1]: Detected virtualization amazon.
2026-03-02T06:54:59.766260+00:00 ip-172-31-36-148 kernel: systemd[1]: Detected architecture x86-64.
2026-03-02T06:54:59.766261+00:00 ip-172-31-36-148 kernel: systemd[1]: Hostname set to <ubuntu>.
2026-03-02T06:54:59.766261+00:00 ip-172-31-36-148 kernel: systemd[1]: Initializing machine ID from VM UUID.
2026-03-02T06:54:59.766262+00:00 ip-172-31-36-148 kernel: systemd[1]: Installed transient /etc/machine-id file.
2026-03-02T06:54:59.766263+00:00 ip-172-31-36-148 kernel: systemd[1]: Queued start job for default target graphical.target.
2026-03-02T06:54:59.766264+00:00 ip-172-31-36-148 kernel: systemd[1]: Created slice system-modprobe.slice - Slice /system/modprobe.
2026-03-02T06:54:59.766265+00:00 ip-172-31-36-148 kernel: systemd[1]: Created slice system-serial\x2dgetty.slice - Slice /system/serial-getty.
2026-03-02T06:54:59.766265+00:00 ip-172-31-36-148 kernel: systemd[1]: Created slice system-systemd\x2dfsck.slice - Slice /system/systemd-fsck.
2026-03-02T06:54:59.766266+00:00 ip-172-31-36-148 kernel: systemd[1]: Created slice user.slice - User and Session Slice.
2026-03-02T06:54:59.766267+00:00 ip-172-31-36-148 kernel: systemd[1]: Started systemd-ask-password-wall.path - Forward Password Requests to Wall Directory Watch.
2026-03-02T06:54:59.766268+00:00 ip-172-31-36-148 kernel: systemd[1]: Set up automount proc-sys-fs-binfmt_misc.automount - Arbitrary Executable File Formats File System Automount Point.
2026-03-02T06:54:59.766269+00:00 ip-172-31-36-148 kernel: systemd[1]: Expecting device dev-disk-by\x2dlabel-BOOT.device - /dev/disk/by-label/BOOT...
2026-03-02T06:54:59.766270+00:00 ip-172-31-36-148 kernel: systemd[1]: Expecting device dev-disk-by\x2dlabel-UEFI.device - /dev/disk/by-label/UEFI...
2026-03-02T06:54:59.766270+00:00 ip-172-31-36-148 kernel: systemd[1]: Expecting device dev-ttyS0.device - /dev/ttyS0...
2026-03-02T06:54:59.766271+00:00 ip-172-31-36-148 kernel: systemd[1]: Reached target integritysetup.target - Local Integrity Protected Volumes.
2026-03-02T06:54:59.766272+00:00 ip-172-31-36-148 kernel: systemd[1]: Reached target slices.target - Slice Units.
2026-03-02T06:54:59.766272+00:00 ip-172-31-36-148 kernel: systemd[1]: Reached target snapd.mounts-pre.target - Mounting snaps.
2026-03-02T06:54:59.766273+00:00 ip-172-31-36-148 kernel: systemd[1]: Reached target swap.target - Swaps.
2026-03-02T06:54:59.766274+00:00 ip-172-31-36-148 kernel: systemd[1]: Reached target time-set.target - System Time Set.
2026-03-02T06:54:59.766275+00:00 ip-172-31-36-148 kernel: systemd[1]: Reached target veritysetup.target - Local Verity Protected Volumes.
2026-03-02T06:54:59.766276+00:00 ip-172-31-36-148 kernel: systemd[1]: Listening on dm-event.socket - Device-mapper event daemon FIFOs.
2026-03-02T06:54:59.766276+00:00 ip-172-31-36-148 kernel: systemd[1]: Listening on lvm2-lvmpolld.socket - LVM2 poll daemon socket.
2026-03-02T06:54:59.766277+00:00 ip-172-31-36-148 kernel: systemd[1]: Listening on multipathd.socket - multipathd control socket.
2026-03-02T06:54:59.766278+00:00 ip-172-31-36-148 kernel: systemd[1]: Listening on syslog.socket - Syslog Socket.
2026-03-02T06:54:59.766279+00:00 ip-172-31-36-148 kernel: systemd[1]: Listening on systemd-fsckd.socket - fsck to fsckd communication Socket.
2026-03-02T06:54:59.766279+00:00 ip-172-31-36-148 kernel: systemd[1]: Listening on systemd-initctl.socket - initctl Compatibility Named Pipe.
2026-03-02T06:54:59.766280+00:00 ip-172-31-36-148 kernel: systemd[1]: Listening on systemd-journald-dev-log.socket - Journal Socket (/dev/log).
2026-03-02T06:54:59.766281+00:00 ip-172-31-36-148 kernel: systemd[1]: Listening on systemd-journald.socket - Journal Socket.
2026-03-02T06:54:59.766281+00:00 ip-172-31-36-148 kernel: systemd[1]: Listening on systemd-networkd.socket - Network Service Netlink Socket.
2026-03-02T06:54:59.766282+00:00 ip-172-31-36-148 kernel: systemd[1]: systemd-pcrextend.socket - TPM2 PCR Extension (Varlink) was skipped because of an unmet condition check (ConditionSecurity=measured-uki).
2026-03-02T06:54:59.766283+00:00 ip-172-31-36-148 kernel: systemd[1]: Listening on systemd-udevd-control.socket - udev Control Socket.
2026-03-02T06:54:59.766284+00:00 ip-172-31-36-148 kernel: systemd[1]: Listening on systemd-udevd-kernel.socket - udev Kernel Socket.
2026-03-02T06:54:59.766285+00:00 ip-172-31-36-148 kernel: systemd[1]: Mounting dev-hugepages.mount - Huge Pages File System...
2026-03-02T06:54:59.766285+00:00 ip-172-31-36-148 kernel: systemd[1]: Mounting dev-mqueue.mount - POSIX Message Queue File System...
2026-03-02T06:54:59.766286+00:00 ip-172-31-36-148 kernel: systemd[1]: Mounting sys-kernel-debug.mount - Kernel Debug File System...
2026-03-02T06:54:59.766287+00:00 ip-172-31-36-148 kernel: systemd[1]: Mounting sys-kernel-tracing.mount - Kernel Trace File System...
2026-03-02T06:54:59.766288+00:00 ip-172-31-36-148 kernel: systemd[1]: Starting systemd-journald.service - Journal Service...
2026-03-02T06:54:59.766289+00:00 ip-172-31-36-148 kernel: systemd[1]: Starting keyboard-setup.service - Set the console keyboard layout...
2026-03-02T06:54:59.766289+00:00 ip-172-31-36-148 kernel: systemd[1]: Starting kmod-static-nodes.service - Create List of Static Device Nodes...
2026-03-02T06:54:59.766290+00:00 ip-172-31-36-148 kernel: systemd[1]: Starting lvm2-monitor.service - Monitoring of LVM2 mirrors, snapshots etc. using dmeventd or progress polling...
2026-03-02T06:54:59.766291+00:00 ip-172-31-36-148 kernel: systemd[1]: Starting modprobe@configfs.service - Load Kernel Module configfs...
2026-03-02T06:54:59.766291+00:00 ip-172-31-36-148 kernel: systemd-journald[129]: Collecting audit messages is disabled.
2026-03-02T06:54:59.766292+00:00 ip-172-31-36-148 kernel: systemd[1]: Starting modprobe@dm_mod.service - Load Kernel Module dm_mod...
2026-03-02T06:54:59.766293+00:00 ip-172-31-36-148 kernel: systemd[1]: Starting modprobe@drm.service - Load Kernel Module drm...
2026-03-02T06:54:59.766294+00:00 ip-172-31-36-148 kernel: systemd[1]: Starting modprobe@efi_pstore.service - Load Kernel Module efi_pstore...
2026-03-02T06:54:59.766294+00:00 ip-172-31-36-148 kernel: systemd[1]: Starting modprobe@fuse.service - Load Kernel Module fuse...
2026-03-02T06:54:59.766295+00:00 ip-172-31-36-148 kernel: systemd[1]: Starting modprobe@loop.service - Load Kernel Module loop...
2026-03-02T06:54:59.766296+00:00 ip-172-31-36-148 kernel: systemd[1]: netplan-ovs-cleanup.service - OpenVSwitch configuration for cleanup was skipped because of an unmet condition check (ConditionFileIsExecutable=/usr/bin/ovs-vsctl).
2026-03-02T06:54:59.766337+00:00 ip-172-31-36-148 kernel: systemd[1]: Starting systemd-fsck-root.service - File System Check on Root Device...
2026-03-02T06:54:59.766338+00:00 ip-172-31-36-148 kernel: pstore: Using crash dump compression: deflate
2026-03-02T06:54:59.766339+00:00 ip-172-31-36-148 kernel: systemd[1]: Starting systemd-modules-load.service - Load Kernel Modules...
2026-03-02T06:54:59.766340+00:00 ip-172-31-36-148 kernel: systemd[1]: systemd-pcrmachine.service - TPM2 PCR Machine ID Measurement was skipped because of an unmet condition check (ConditionSecurity=measured-uki).
2026-03-02T06:54:59.766340+00:00 ip-172-31-36-148 kernel: pstore: Registered efi_pstore as persistent store backend
2026-03-02T06:54:59.766341+00:00 ip-172-31-36-148 kernel: systemd[1]: systemd-tpm2-setup-early.service - TPM2 SRK Setup (Early) was skipped because of an unmet condition check (ConditionSecurity=measured-uki).
2026-03-02T06:54:59.766342+00:00 ip-172-31-36-148 kernel: systemd[1]: Starting systemd-udev-trigger.service - Coldplug All udev Devices...
2026-03-02T06:54:59.766343+00:00 ip-172-31-36-148 kernel: systemd[1]: Started systemd-journald.service - Journal Service.
2026-03-02T06:54:59.766344+00:00 ip-172-31-36-148 kernel: EXT4-fs (nvme0n1p1): re-mounted f6fbc198-289f-487b-9a4c-c22e821c6c98 r/w.
2026-03-02T06:54:59.766345+00:00 ip-172-31-36-148 kernel: systemd-journald[129]: Received client request to flush runtime journal.
2026-03-02T06:54:59.766346+00:00 ip-172-31-36-148 kernel: loop0: detected capacity change from 0 to 56624
2026-03-02T06:54:59.766346+00:00 ip-172-31-36-148 kernel: loop1: detected capacity change from 0 to 151456
2026-03-02T06:54:59.766348+00:00 ip-172-31-36-148 kernel: loop2: detected capacity change from 0 to 104296
2026-03-02T06:54:59.766348+00:00 ip-172-31-36-148 kernel: nvme nvme0: using unchecked data buffer
2026-03-02T06:54:59.766349+00:00 ip-172-31-36-148 kernel: parport_pc 00:03: reported by Plug and Play ACPI
2026-03-02T06:54:59.766350+00:00 ip-172-31-36-148 kernel: cryptd: max_cpu_qlen set to 1000
2026-03-02T06:54:59.766351+00:00 ip-172-31-36-148 kernel: ena 0000:00:05.0: ENA device version: 0.10
2026-03-02T06:54:59.766352+00:00 ip-172-31-36-148 kernel: ena 0000:00:05.0: ENA controller version: 0.0.1 implementation version 1
2026-03-02T06:54:59.766352+00:00 ip-172-31-36-148 kernel: ena 0000:00:05.0: LLQ is not supported Fallback to host mode policy.
2026-03-02T06:54:59.766353+00:00 ip-172-31-36-148 kernel: AES CTR mode by8 optimization enabled
2026-03-02T06:54:59.766354+00:00 ip-172-31-36-148 kernel: ena 0000:00:05.0: Elastic Network Adapter (ENA) found at mem 80400000, mac addr 0a:c7:1a:c8:7f:75
2026-03-02T06:54:59.766355+00:00 ip-172-31-36-148 kernel: ppdev: user-space parallel port driver
2026-03-02T06:54:59.766355+00:00 ip-172-31-36-148 kernel: ena 0000:00:05.0 ens5: renamed from eth0
2026-03-02T06:54:59.766356+00:00 ip-172-31-36-148 kernel: EXT4-fs (nvme0n1p16): mounted filesystem d066b928-2f3b-4fe5-9761-6d12299a7d53 r/w with ordered data mode. Quota mode: none.
2026-03-02T06:54:59.766357+00:00 ip-172-31-36-148 kernel: audit: type=1400 audit(1772434491.176:2): apparmor="STATUS" operation="profile_load" profile="unconfined" name="Discord" pid=324 comm="apparmor_parser"
2026-03-02T06:54:59.766358+00:00 ip-172-31-36-148 kernel: audit: type=1400 audit(1772434491.176:3): apparmor="STATUS" operation="profile_load" profile="unconfined" name="1password" pid=323 comm="apparmor_parser"
2026-03-02T06:54:59.766359+00:00 ip-172-31-36-148 kernel: audit: type=1400 audit(1772434491.181:4): apparmor="STATUS" operation="profile_load" profile="unconfined" name=4D6F6E676F444220436F6D70617373 pid=329 comm="apparmor_parser"
2026-03-02T06:54:59.766359+00:00 ip-172-31-36-148 kernel: audit: type=1400 audit(1772434491.182:5): apparmor="STATUS" operation="profile_load" profile="unconfined" name="QtWebEngineProcess" pid=330 comm="apparmor_parser"
2026-03-02T06:54:59.766360+00:00 ip-172-31-36-148 kernel: audit: type=1400 audit(1772434491.191:6): apparmor="STATUS" operation="profile_load" profile="unconfined" name="brave" pid=332 comm="apparmor_parser"
2026-03-02T06:54:59.766361+00:00 ip-172-31-36-148 kernel: audit: type=1400 audit(1772434491.192:7): apparmor="STATUS" operation="profile_load" profile="unconfined" name="balena-etcher" pid=331 comm="apparmor_parser"
2026-03-02T06:54:59.766362+00:00 ip-172-31-36-148 kernel: audit: type=1400 audit(1772434491.202:8): apparmor="STATUS" operation="profile_load" profile="unconfined" name="buildah" pid=335 comm="apparmor_parser"
2026-03-02T06:54:59.766363+00:00 ip-172-31-36-148 kernel: audit: type=1400 audit(1772434491.204:9): apparmor="STATUS" operation="profile_load" profile="unconfined" name="busybox" pid=336 comm="apparmor_parser"
2026-03-02T06:54:59.766364+00:00 ip-172-31-36-148 kernel: audit: type=1400 audit(1772434491.207:10): apparmor="STATUS" operation="profile_load" profile="unconfined" name="cam" pid=337 comm="apparmor_parser"
2026-03-02T06:54:59.766364+00:00 ip-172-31-36-148 kernel: input: ImPS/2 Generic Wheel Mouse as /devices/platform/i8042/serio1/input/input4
2026-03-02T06:54:59.766365+00:00 ip-172-31-36-148 kernel: 8021q: 802.1Q VLAN Support v1.8
2026-03-02T06:54:59.766366+00:00 ip-172-31-36-148 kernel: kauditd_printk_skb: 116 callbacks suppressed
2026-03-02T06:54:59.766367+00:00 ip-172-31-36-148 kernel: audit: type=1400 audit(1772434499.263:127): apparmor="STATUS" operation="profile_replace" info="same as current profile, skipping" profile="unconfined" name="rsyslogd" pid=628 comm="apparmor_parser"
2026-03-02T06:54:59.750884+00:00 ip-172-31-36-148 cloud-init[543]: ci-info: +--------+------+-----------------------------+---------------+--------+-------------------+
2026-03-02T06:54:59.766389+00:00 ip-172-31-36-148 cloud-init[543]: ci-info: |  ens5  | True |        172.31.36.148        | 255.255.240.0 | global | 0a:c7:1a:c8:7f:75 |
2026-03-02T06:54:59.766403+00:00 ip-172-31-36-148 cloud-init[543]: ci-info: |  ens5  | True | fe80::8c7:1aff:fec8:7f75/64 |       .       |  link  | 0a:c7:1a:c8:7f:75 |
2026-03-02T06:54:59.766408+00:00 ip-172-31-36-148 cloud-init[543]: ci-info: |   lo   | True |          127.0.0.1          |   255.0.0.0   |  host  |         .         |
2026-03-02T06:54:59.766414+00:00 ip-172-31-36-148 cloud-init[543]: ci-info: |   lo   | True |           ::1/128           |       .       |  host  |         .         |
2026-03-02T06:54:59.766418+00:00 ip-172-31-36-148 cloud-init[543]: ci-info: +--------+------+-----------------------------+---------------+--------+-------------------+
2026-03-02T06:54:59.766425+00:00 ip-172-31-36-148 cloud-init[543]: ci-info: ++++++++++++++++++++++++++++++Route IPv4 info++++++++++++++++++++++++++++++
2026-03-02T06:54:59.766430+00:00 ip-172-31-36-148 cloud-init[543]: ci-info: +-------+-------------+-------------+-----------------+-----------+-------+
2026-03-02T06:54:59.766435+00:00 ip-172-31-36-148 cloud-init[543]: ci-info: | Route | Destination |   Gateway   |     Genmask     | Interface | Flags |
2026-03-02T06:54:59.766440+00:00 ip-172-31-36-148 cloud-init[543]: ci-info: +-------+-------------+-------------+-----------------+-----------+-------+
2026-03-02T06:54:59.766445+00:00 ip-172-31-36-148 cloud-init[543]: ci-info: |   0   |   0.0.0.0   | 172.31.32.1 |     0.0.0.0     |    ens5   |   UG  |
2026-03-02T06:54:59.766450+00:00 ip-172-31-36-148 cloud-init[543]: ci-info: |   1   |  172.31.0.2 | 172.31.32.1 | 255.255.255.255 |    ens5   |  UGH  |
2026-03-02T06:54:59.766455+00:00 ip-172-31-36-148 cloud-init[543]: ci-info: |   2   | 172.31.32.0 |   0.0.0.0   |  255.255.240.0  |    ens5   |   U   |
2026-03-02T06:54:59.766461+00:00 ip-172-31-36-148 cloud-init[543]: ci-info: |   3   | 172.31.32.1 |   0.0.0.0   | 255.255.255.255 |    ens5   |   UH  |
2026-03-02T06:54:59.766466+00:00 ip-172-31-36-148 cloud-init[543]: ci-info: +-------+-------------+-------------+-----------------+-----------+-------+
2026-03-02T06:54:59.766471+00:00 ip-172-31-36-148 cloud-init[543]: ci-info: +++++++++++++++++++Route IPv6 info+++++++++++++++++++
2026-03-02T06:54:59.766476+00:00 ip-172-31-36-148 cloud-init[543]: ci-info: +-------+-------------+---------+-----------+-------+
2026-03-02T06:54:59.766481+00:00 ip-172-31-36-148 cloud-init[543]: ci-info: | Route | Destination | Gateway | Interface | Flags |
2026-03-02T06:54:59.766486+00:00 ip-172-31-36-148 cloud-init[543]: ci-info: +-------+-------------+---------+-----------+-------+
2026-03-02T06:54:59.766491+00:00 ip-172-31-36-148 cloud-init[543]: ci-info: |   0   |  fe80::/64  |    ::   |    ens5   |   U   |
2026-03-02T06:54:59.766495+00:00 ip-172-31-36-148 cloud-init[543]: ci-info: |   2   |    local    |    ::   |    ens5   |   U   |
2026-03-02T06:54:59.766500+00:00 ip-172-31-36-148 cloud-init[543]: ci-info: |   3   |  multicast  |    ::   |    ens5   |   U   |
2026-03-02T06:54:59.766504+00:00 ip-172-31-36-148 cloud-init[543]: ci-info: +-------+-------------+---------+-----------+-------+
2026-03-02T06:54:59.766572+00:00 ip-172-31-36-148 cloud-init[543]: Generating public/private rsa key pair.
2026-03-02T06:54:59.766576+00:00 ip-172-31-36-148 cloud-init[543]: Your identification has been saved in /etc/ssh/ssh_host_rsa_key
2026-03-02T06:54:59.766581+00:00 ip-172-31-36-148 cloud-init[543]: Your public key has been saved in /etc/ssh/ssh_host_rsa_key.pub
2026-03-02T06:54:59.766585+00:00 ip-172-31-36-148 cloud-init[543]: The key fingerprint is:
2026-03-02T06:54:59.766590+00:00 ip-172-31-36-148 cloud-init[543]: SHA256:R0t3B09T0704Iw0gx168emSUvdF8n1ypwK+6eNBNehI root@ip-172-31-36-148
2026-03-02T06:54:59.766594+00:00 ip-172-31-36-148 cloud-init[543]: The key's randomart image is:
2026-03-02T06:54:59.766599+00:00 ip-172-31-36-148 cloud-init[543]: +---[RSA 3072]----+
2026-03-02T06:54:59.766603+00:00 ip-172-31-36-148 cloud-init[543]: |       ..o+ o +oB|
2026-03-02T06:54:59.766608+00:00 ip-172-31-36-148 cloud-init[543]: |        o. O o BB|
2026-03-02T06:54:59.766613+00:00 ip-172-31-36-148 cloud-init[543]: |        . = B B O|
2026-03-02T06:54:59.766617+00:00 ip-172-31-36-148 cloud-init[543]: |         E O X =.|
2026-03-02T06:54:59.766621+00:00 ip-172-31-36-148 cloud-init[543]: |        S @ o o  |
2026-03-02T06:54:59.766626+00:00 ip-172-31-36-148 cloud-init[543]: |       . * =     |
2026-03-02T06:54:59.766630+00:00 ip-172-31-36-148 cloud-init[543]: |        . =      |
2026-03-02T06:54:59.766635+00:00 ip-172-31-36-148 cloud-init[543]: |        .o       |
2026-03-02T06:54:59.766640+00:00 ip-172-31-36-148 cloud-init[543]: |       ....      |
2026-03-02T06:54:59.766644+00:00 ip-172-31-36-148 cloud-init[543]: +----[SHA256]-----+
2026-03-02T06:54:59.766649+00:00 ip-172-31-36-148 cloud-init[543]: Generating public/private ecdsa key pair.
2026-03-02T06:54:59.766654+00:00 ip-172-31-36-148 cloud-init[543]: Your identification has been saved in /etc/ssh/ssh_host_ecdsa_key
2026-03-02T06:54:59.766659+00:00 ip-172-31-36-148 cloud-init[543]: Your public key has been saved in /etc/ssh/ssh_host_ecdsa_key.pub
2026-03-02T06:54:59.766663+00:00 ip-172-31-36-148 cloud-init[543]: The key fingerprint is:
2026-03-02T06:54:59.766668+00:00 ip-172-31-36-148 cloud-init[543]: SHA256:mxtpbXOq626Sq+eSWtUDkNT+lIThZ0sK457QEM+R5IM root@ip-172-31-36-148
2026-03-02T06:54:59.766672+00:00 ip-172-31-36-148 cloud-init[543]: The key's randomart image is:
2026-03-02T06:54:59.766677+00:00 ip-172-31-36-148 cloud-init[543]: +---[ECDSA 256]---+
2026-03-02T06:54:59.766681+00:00 ip-172-31-36-148 cloud-init[543]: |  .o=+.o         |
2026-03-02T06:54:59.766686+00:00 ip-172-31-36-148 cloud-init[543]: |   *o+o .        |
2026-03-02T06:54:59.766691+00:00 ip-172-31-36-148 cloud-init[543]: |  E B.o.+.       |
2026-03-02T06:54:59.766696+00:00 ip-172-31-36-148 cloud-init[543]: |   + +.Bo.       |
2026-03-02T06:54:59.766700+00:00 ip-172-31-36-148 cloud-init[543]: |  . o ooS        |
2026-03-02T06:54:59.766704+00:00 ip-172-31-36-148 cloud-init[543]: |   o o  .*       |
2026-03-02T06:54:59.766709+00:00 ip-172-31-36-148 cloud-init[543]: |    +. .* + .    |
2026-03-02T06:54:59.766714+00:00 ip-172-31-36-148 cloud-init[543]: |   .o +..+ +     |
2026-03-02T06:54:59.766718+00:00 ip-172-31-36-148 cloud-init[543]: |  ...=o**o.      |
2026-03-02T06:54:59.766722+00:00 ip-172-31-36-148 cloud-init[543]: +----[SHA256]-----+
2026-03-02T06:54:59.766727+00:00 ip-172-31-36-148 cloud-init[543]: Generating public/private ed25519 key pair.
2026-03-02T06:54:59.766731+00:00 ip-172-31-36-148 cloud-init[543]: Your identification has been saved in /etc/ssh/ssh_host_ed25519_key
2026-03-02T06:54:59.766736+00:00 ip-172-31-36-148 cloud-init[543]: Your public key has been saved in /etc/ssh/ssh_host_ed25519_key.pub
2026-03-02T06:54:59.766740+00:00 ip-172-31-36-148 cloud-init[543]: The key fingerprint is:
2026-03-02T06:54:59.766745+00:00 ip-172-31-36-148 cloud-init[543]: SHA256:S+4MB93eCO3Gb2IYmzD3InNMMF29TWuJBOwziJqAQT4 root@ip-172-31-36-148
2026-03-02T06:54:59.766750+00:00 ip-172-31-36-148 cloud-init[543]: The key's randomart image is:
2026-03-02T06:54:59.766754+00:00 ip-172-31-36-148 cloud-init[543]: +--[ED25519 256]--+
2026-03-02T06:54:59.766759+00:00 ip-172-31-36-148 cloud-init[543]: |..       ..o     |
2026-03-02T06:54:59.766763+00:00 ip-172-31-36-148 cloud-init[543]: |o         o o .  |
2026-03-02T06:54:59.766767+00:00 ip-172-31-36-148 cloud-init[543]: | E     o + . = o |
2026-03-02T06:54:59.766772+00:00 ip-172-31-36-148 cloud-init[543]: |. o   +.oo+ o =  |
2026-03-02T06:54:59.766776+00:00 ip-172-31-36-148 cloud-init[543]: |   . o.oS oo .   |
2026-03-02T06:54:59.766781+00:00 ip-172-31-36-148 cloud-init[543]: |    o o++* o     |
2026-03-02T06:54:59.766786+00:00 ip-172-31-36-148 cloud-init[543]: |      .*+** .    |
2026-03-02T06:54:59.766790+00:00 ip-172-31-36-148 cloud-init[543]: |      o=B.+..    |
2026-03-02T06:54:59.766794+00:00 ip-172-31-36-148 cloud-init[543]: |       +oo o.    |
2026-03-02T06:54:59.766799+00:00 ip-172-31-36-148 cloud-init[543]: +----[SHA256]-----+
2026-03-02T06:54:59.766804+00:00 ip-172-31-36-148 systemd[1]: Finished cloud-init.service - Cloud-init: Network Stage.
2026-03-02T06:54:59.766808+00:00 ip-172-31-36-148 systemd[1]: Reached target cloud-config.target - Cloud-config availability.
2026-03-02T06:54:59.766812+00:00 ip-172-31-36-148 systemd[1]: Reached target network-online.target - Network is Online.
2026-03-02T06:54:59.766817+00:00 ip-172-31-36-148 systemd[1]: Reached target sysinit.target - System Initialization.
2026-03-02T06:54:59.766821+00:00 ip-172-31-36-148 systemd[1]: Started acpid.path - ACPI Events Check.
