2026-03-02T06:54:59.749960+00:00 ip-172-31-36-148 systemd[1]: Mounted sys-kernel-debug.mount - Kernel Debug File System.
2026-03-02T06:54:59.749965+00:00 ip-172-31-36-148 systemd[1]: Mounted sys-kernel-tracing.mount - Kernel Trace File System.
2026-03-02T06:54:59.750081+00:00 ip-172-31-36-148 systemd[1]: Mounting sys-kernel-config.mount - Kernel Configuration File System...
2026-03-02T06:54:59.750128+00:00 ip-172-31-36-148 systemd[1]: Mounted sys-kernel-config.mount - Kernel Configuration File System.
2026-03-02T06:54:59.741012+00:00 ip-172-31-36-148 kernel: Linux version 6.14.0-1018-aws (buildd@lcy02-amd64-107) (x86_64-linux-gnu-gcc-13 (Ubuntu 13.3.0-6ubuntu2~24.04) 13.3.0, GNU ld (GNU Binutils for Ubuntu) 2.42) #18~24.04.1-Ubuntu SMP Mon Nov 24 19:46:27 UTC 2025 (Ubuntu 6.14.0-1018.18~24.04.1-aws 6.14.11)
2026-03-02T06:54:59.754941+00:00 ip-172-31-36-148 kernel: Command line: BOOT_IMAGE=/vmlinuz-6.14.0-1018-aws root=PARTUUID=2baf9194-a5fb-4b12-adb0-45166f0feb06 ro console=tty1 console=ttyS0 nvme_core.io_timeout=4294967295 panic=-1
2026-03-02T06:54:59.754946+00:00 ip-172-31-36-148 kernel: KERNEL supported cpus:
2026-03-02T06:54:59.754947+00:00 ip-172-31-36-148 kernel:   Intel GenuineIntel
2026-03-02T06:54:59.754948+00:00 ip-172-31-36-148 kernel:   AMD AuthenticAMD
2026-03-02T06:54:59.754948+00:00 ip-172-31-36-148 kernel:   Hygon HygonGenuine
2026-03-02T06:54:59.754949+00:00 ip-172-31-36-148 kernel:   Centaur CentaurHauls
2026-03-02T06:54:59.754952+00:00 ip-172-31-36-148 kernel:   zhaoxin   Shanghai  
2026-03-02T06:54:59.754953+00:00 ip-172-31-36-148 kernel: BIOS-provided physical RAM map:
2026-03-02T06:54:59.754954+00:00 ip-172-31-36-148 kernel: BIOS-e820: [mem 0x0000000000000000-0x000000000009ffff] usable
2026-03-02T06:54:59.754955+00:00 ip-172-31-36-148 kernel: BIOS-e820: [mem 0x0000000000100000-0x00000000390cdfff] usable
2026-03-02T06:54:59.754955+00:00 ip-172-31-36-148 kernel: BIOS-e820: [mem 0x00000000390ce000-0x000000003934dfff] reserved
2026-03-02T06:54:59.754956+00:00 ip-172-31-36-148 kernel: BIOS-e820: [mem 0x000000003934e000-0x000000003935dfff] ACPI data
2026-03-02T06:54:59.754960+00:00 ip-172-31-36-148 kernel: BIOS-e820: [mem 0x000000003935e000-0x00000000393ddfff] ACPI NVS
2026-03-02T06:54:59.754961+00:00 ip-172-31-36-148 kernel: BIOS-e820: [mem 0x00000000393de000-0x000000003d37bfff] usable
2026-03-02T06:54:59.754961+00:00 ip-172-31-36-148 kernel: BIOS-e820: [mem 0x000000003d37c000-0x000000003d3fffff] reserved
2026-03-02T06:54:59.754962+00:00 ip-172-31-36-148 kernel: NX (Execute Disable) protection: active
2026-03-02T06:54:59.754963+00:00 ip-172-31-36-148 kernel: APIC: Static calls initialized
2026-03-02T06:54:59.754963+00:00 ip-172-31-36-148 kernel: e820: update [mem 0x3728d018-0x37295e57] usable ==> usable
2026-03-02T06:54:59.754964+00:00 ip-172-31-36-148 kernel: extended physical RAM map:
2026-03-02T06:54:59.754967+00:00 ip-172-31-36-148 kernel: reserve setup_data: [mem 0x0000000000000000-0x000000000009ffff] usable
2026-03-02T06:54:59.754968+00:00 ip-172-31-36-148 kernel: reserve setup_data: [mem 0x0000000000100000-0x000000003728d017] usable
2026-03-02T06:54:59.754969+00:00 ip-172-31-36-148 kernel: reserve setup_data: [mem 0x000000003728d018-0x0000000037295e57] usable
2026-03-02T06:54:59.754969+00:00 ip-172-31-36-148 kernel: reserve setup_data: [mem 0x0000000037295e58-0x00000000390cdfff] usable
2026-03-02T06:54:59.754970+00:00 ip-172-31-36-148 kernel: reserve setup_data: [mem 0x00000000390ce000-0x000000003934dfff] reserved
2026-03-02T06:54:59.754970+00:00 ip-172-31-36-148 kernel: reserve setup_data: [mem 0x000000003934e000-0x000000003935dfff] ACPI data
2026-03-02T06:54:59.754974+00:00 ip-172-31-36-148 kernel: reserve setup_data: [mem 0x000000003935e000-0x00000000393ddfff] ACPI NVS
2026-03-02T06:54:59.754975+00:00 ip-172-31-36-148 kernel: reserve setup_data: [mem 0x00000000393de000-0x000000003d37bfff] usable
2026-03-02T06:54:59.754975+00:00 ip-172-31-36-148 kernel: reserve setup_data: [mem 0x000000003d37c000-0x000000003d3fffff] reserved
2026-03-02T06:54:59.754976+00:00 ip-172-31-36-148 kernel: efi: EFI v2.7 by EDK II
2026-03-02T06:54:59.754977+00:00 ip-172-31-36-148 kernel: efi: SMBIOS=0x3926a000 ACPI=0x3935d000 ACPI 2.0=0x3935d014 MEMATTR=0x37a0e018 MOKvar=0x39258000 INITRD=0x372cdf18 
2026-03-02T06:54:59.754978+00:00 ip-172-31-36-148 kernel: SMBIOS 2.7 present.
2026-03-02T06:54:59.754981+00:00 ip-172-31-36-148 kernel: DMI: Amazon EC2 t3.micro/, BIOS 1.0 10/16/2017
2026-03-02T06:54:59.754982+00:00 ip-172-31-36-148 kernel: DMI: Memory slots populated: 1/1
2026-03-02T06:54:59.754982+00:00 ip-172-31-36-148 kernel: secureboot: Secure boot disabled
2026-03-02T06:54:59.754983+00:00 ip-172-31-36-148 kernel: Hypervisor detected: KVM
2026-03-02T06:54:59.754983+00:00 ip-172-31-36-148 kernel: kvm-clock: Using msrs 4b564d01 and 4b564d00
2026-03-02T06:54:59.754984+00:00 ip-172-31-36-148 kernel: kvm-clock: using sched offset of 2541937985 cycles
2026-03-02T06:54:59.754985+00:00 ip-172-31-36-148 kernel: clocksource: kvm-clock: mask: 0xffffffffffffffff max_cycles: 0x1cd42e4dffb, max_idle_ns: 881590591483 ns
2026-03-02T06:54:59.754988+00:00 ip-172-31-36-148 kernel: tsc: Detected 2499.992 MHz processor
2026-03-02T06:54:59.754989+00:00 ip-172-31-36-148 kernel: e820: update [mem 0x00000000-0x00000fff] usable ==> reserved
2026-03-02T06:54:59.754989+00:00 ip-172-31-36-148 kernel: e820: remove [mem 0x000a0000-0x000fffff] usable
2026-03-02T06:54:59.754990+00:00 ip-172-31-36-148 kernel: last_pfn = 0x3d37c max_arch_pfn = 0x400000000
2026-03-02T06:54:59.754991+00:00 ip-172-31-36-148 kernel: MTRR map: 4 entries (2 fixed + 2 variable; max 18), built from 8 variable MTRRs
2026-03-02T06:54:59.754991+00:00 ip-172-31-36-148 kernel: x86/PAT: Configuration [0-7]: WB  WC  UC- UC  WB  WP  UC- WT  
2026-03-02T06:54:59.754995+00:00 ip-172-31-36-148 kernel: Using GB pages for direct mapping
2026-03-02T06:54:59.754995+00:00 ip-172-31-36-148 kernel: secureboot: Secure boot disabled
2026-03-02T06:54:59.754996+00:00 ip-172-31-36-148 kernel: RAMDISK: [mem 0x31f6e000-0x32c16fff]
2026-03-02T06:54:59.754997+00:00 ip-172-31-36-148 kernel: ACPI: Early table checksum verification disabled
2026-03-02T06:54:59.754997+00:00 ip-172-31-36-148 kernel: ACPI: RSDP 0x000000003935D014 000024 (v02 AMAZON)
2026-03-02T06:54:59.754998+00:00 ip-172-31-36-148 kernel: ACPI: XSDT 0x000000003935C0E8 00006C (v01 AMAZON AMZNFACP 00000001      01000013)
2026-03-02T06:54:59.755001+00:00 ip-172-31-36-148 kernel: ACPI: FACP 0x0000000039355000 000114 (v01 AMAZON AMZNFACP 00000001 AMZN 00000001)
2026-03-02T06:54:59.755002+00:00 ip-172-31-36-148 kernel: ACPI: DSDT 0x0000000039356000 00115A (v01 AMAZON AMZNDSDT 00000001 AMZN 00000001)
2026-03-02T06:54:59.755002+00:00 ip-172-31-36-148 kernel: ACPI: FACS 0x00000000393D0000 000040
2026-03-02T06:54:59.755003+00:00 ip-172-31-36-148 kernel: ACPI: WAET 0x000000003935B000 000028 (v01 AMAZON AMZNWAET 00000001 AMZN 00000001)
2026-03-02T06:54:59.755004+00:00 ip-172-31-36-148 kernel: ACPI: SLIT 0x000000003935A000 00006C (v01 AMAZON AMZNSLIT 00000001 AMZN 00000001)
2026-03-02T06:54:59.755004+00:00 ip-172-31-36-148 kernel: ACPI: APIC 0x0000000039359000 000076 (v01 AMAZON AMZNAPIC 00000001 AMZN 00000001)
2026-03-02T06:54:59.755005+00:00 ip-172-31-36-148 kernel: ACPI: SRAT 0x0000000039358000 0000A0 (v01 AMAZON AMZNSRAT 00000001 AMZN 00000001)
2026-03-02T06:54:59.755008+00:00 ip-172-31-36-148 kernel: ACPI: HPET 0x0000000039354000 000038 (v01 AMAZON AMZNHPET 00000001 AMZN 00000001)
2026-03-02T06:54:59.755009+00:00 ip-172-31-36-148 kernel: ACPI: SSDT 0x0000000039353000 000759 (v01 AMAZON AMZNSSDT 00000001 AMZN 00000001)
2026-03-02T06:54:59.755009+00:00 ip-172-31-36-148 kernel: ACPI: SSDT 0x0000000039352000 00007F (v01 AMAZON AMZNSSDT 00000001 AMZN 00000001)
2026-03-02T06:54:59.755010+00:00 ip-172-31-36-148 kernel: ACPI: BGRT 0x0000000039351000 000038 (v01 AMAZON AMAZON   00000002      01000013)
2026-03-02T06:54:59.755011+00:00 ip-172-31-36-148 kernel: ACPI: Reserving FACP table memory at [mem 0x39355000-0x39355113]
2026-03-02T06:54:59.755012+00:00 ip-172-31-36-148 kernel: ACPI: Reserving DSDT table memory at [mem 0x39356000-0x39357159]
2026-03-02T06:54:59.755015+00:00 ip-172-31-36-148 kernel: ACPI: Reserving FACS table memory at [mem 0x393d0000-0x393d003f]
2026-03-02T06:54:59.755015+00:00 ip-172-31-36-148 kernel: ACPI: Reserving WAET table memory at [mem 0x3935b000-0x3935b027]
2026-03-02T06:54:59.755016+00:00 ip-172-31-36-148 kernel: ACPI: Reserving SLIT table memory at [mem 0x3935a000-0x3935a06b]
2026-03-02T06:54:59.755017+00:00 ip-172-31-36-148 kernel: ACPI: Reserving APIC table memory at [mem 0x39359000-0x39359075]
2026-03-02T06:54:59.755017+00:00 ip-172-31-36-148 kernel: ACPI: Reserving SRAT table memory at [mem 0x39358000-0x3935809f]
2026-03-02T06:54:59.755018+00:00 ip-172-31-36-148 kernel: ACPI: Reserving HPET table memory at [mem 0x39354000-0x39354037]
2026-03-02T06:54:59.755019+00:00 ip-172-31-36-148 kernel: ACPI: Reserving SSDT table memory at [mem 0x39353000-0x39353758]
2026-03-02T06:54:59.755022+00:00 ip-172-31-36-148 kernel: ACPI: Reserving SSDT table memory at [mem 0x39352000-0x3935207e]
2026-03-02T06:54:59.755023+00:00 ip-172-31-36-148 kernel: ACPI: Reserving BGRT table memory at [mem 0x39351000-0x39351037]
2026-03-02T06:54:59.755023+00:00 ip-172-31-36-148 kernel: ACPI: SRAT: Node 0 PXM 0 [mem 0x00000000-0x3fffffff]
2026-03-02T06:54:59.755024+00:00 ip-172-31-36-148 kernel: NUMA: Initialized distance table, cnt=1
2026-03-02T06:54:59.755025+00:00 ip-172-31-36-148 kernel: NODE_DATA(0) allocated [mem 0x3b2cb540-0x3b2f5fff]
2026-03-02T06:54:59.755025+00:00 ip-172-31-36-148 kernel: Zone ranges:
2026-03-02T06:54:59.755029+00:00 ip-172-31-36-148 kernel:   DMA      [mem 0x0000000000001000-0x0000000000ffffff]
